 gamex86

 Timestamp is 57045ffa (Tue Apr 05 21:01:46 2016)

 Preferred load address is 20000000

 Start         Length     Name                   Class
 0001:00000000 00090d87H .text                   CODE
 0001:00090d90 00000109H .text$x                 CODE
 0002:00000000 00000158H .idata$5                DATA
 0002:00000158 00000004H .CRT$XCA                DATA
 0002:0000015c 00000004H .CRT$XCZ                DATA
 0002:00000160 00000004H .CRT$XIA                DATA
 0002:00000164 00000014H .CRT$XIC                DATA
 0002:00000178 00000004H .CRT$XIZ                DATA
 0002:0000017c 00000004H .CRT$XPA                DATA
 0002:00000180 00000008H .CRT$XPX                DATA
 0002:00000188 00000004H .CRT$XPXA               DATA
 0002:0000018c 00000004H .CRT$XPZ                DATA
 0002:00000190 00000004H .CRT$XTA                DATA
 0002:00000194 00000004H .CRT$XTZ                DATA
 0002:000001a0 00015cf8H .rdata                  DATA
 0002:00015e98 00000044H .rdata$debug            DATA
 0002:00015edc 000001c4H .rdata$r                DATA
 0002:000160a0 0000002cH .rdata$sxdata           DATA
 0002:000160cc 00000004H .rtc$IAA                DATA
 0002:000160d0 00000004H .rtc$IZZ                DATA
 0002:000160d4 00000004H .rtc$TAA                DATA
 0002:000160d8 00000004H .rtc$TZZ                DATA
 0002:000160e0 00000d08H .xdata$x                DATA
 0002:00016de8 00000014H .idata$2                DATA
 0002:00016dfc 00000014H .idata$3                DATA
 0002:00016e10 00000158H .idata$4                DATA
 0002:00016f68 0000063eH .idata$6                DATA
 0002:000175b0 00000049H .edata                  DATA
 0003:00000000 00012460H .data                   DATA
 0003:00012460 0000d9f4H .bss                    DATA

  Address         Publics by Value              Rva+Base       Lib:Object

 0000:00000000       __except_list              00000000     <absolute>
 0000:0000000b       ___safe_se_handler_count   0000000b     <absolute>
 0000:00000000       ___ImageBase               20000000     <linker-defined>
 0001:00000000       _AI_SetSightClient         20001000 f   g_ai.obj
 0001:000000c0       _ai_move                   200010c0 f   g_ai.obj
 0001:000000f0       _ai_stand                  200010f0 f   g_ai.obj
 0001:00000340       _ai_walk                   20001340 f   g_ai.obj
 0001:00000430       _ai_charge                 20001430 f   g_ai.obj
 0001:000004e0       _ai_turn                   200014e0 f   g_ai.obj
 0001:00000540       _range                     20001540 f   g_ai.obj
 0001:000005f0       _visible                   200015f0 f   g_ai.obj
 0001:000006c0       _infront                   200016c0 f   g_ai.obj
 0001:00000770       _HuntTarget                20001770 f   g_ai.obj
 0001:00000850       _FoundTarget               20001850 f   g_ai.obj
 0001:00000a10       _FindTarget                20001a10 f   g_ai.obj
 0001:00000ed0       _FacingIdeal               20001ed0 f   g_ai.obj
 0001:00000f30       _M_CheckAttack             20001f30 f   g_ai.obj
 0001:00001220       _ai_run_melee              20002220 f   g_ai.obj
 0001:00001280       _ai_run_missile            20002280 f   g_ai.obj
 0001:000012e0       _ai_run_slide              200022e0 f   g_ai.obj
 0001:000013a0       _ai_checkattack            200023a0 f   g_ai.obj
 0001:000017c0       _ai_run                    200027c0 f   g_ai.obj
 0001:00002210       _UpdateChaseCam            20003210 f   g_chase.obj
 0001:00002700       _ChaseNext                 20003700 f   g_chase.obj
 0001:000027d0       _ChasePrev                 200037d0 f   g_chase.obj
 0001:00002890       _GetChaseTarget            20003890 f   g_chase.obj
 0001:00002940       _ClientTeam                20003940 f   g_cmds.obj
 0001:000029e0       _OnSameTeam                200039e0 f   g_cmds.obj
 0001:00002a80       _SelectNextItem            20003a80 f   g_cmds.obj
 0001:00002b50       _SelectPrevItem            20003b50 f   g_cmds.obj
 0001:00002c20       _ValidateSelectedItem      20003c20 f   g_cmds.obj
 0001:00002c60       _Cmd_Give_f                20003c60 f   g_cmds.obj
 0001:00003140       _Cmd_God_f                 20004140 f   g_cmds.obj
 0001:000031e0       _Cmd_Notarget_f            200041e0 f   g_cmds.obj
 0001:00003280       _Cmd_Noclip_f              20004280 f   g_cmds.obj
 0001:00003320       _Cmd_Use_f                 20004320 f   g_cmds.obj
 0001:000033e0       _Cmd_Drop_f                200043e0 f   g_cmds.obj
 0001:000034a0       _Cmd_Inven_f               200044a0 f   g_cmds.obj
 0001:00003550       _Cmd_InvUse_f              20004550 f   g_cmds.obj
 0001:000035e0       _Cmd_WeapPrev_f            200045e0 f   g_cmds.obj
 0001:000036c0       _Cmd_WeapNext_f            200046c0 f   g_cmds.obj
 0001:000037a0       _Cmd_WeapLast_f            200047a0 f   g_cmds.obj
 0001:00003840       _Cmd_InvDrop_f             20004840 f   g_cmds.obj
 0001:000038d0       _Cmd_Kill_f                200048d0 f   g_cmds.obj
 0001:00003950       _Cmd_PutAway_f             20004950 f   g_cmds.obj
 0001:00003990       _PlayerSort                20004990 f   g_cmds.obj
 0001:00003a10       _Cmd_Players_f             20004a10 f   g_cmds.obj
 0001:00003ba0       _Cmd_Wave_f                20004ba0 f   g_cmds.obj
 0001:00003d20       _Cmd_Say_f                 20004d20 f   g_cmds.obj
 0001:000040a0       _Cmd_PlayerList_f          200050a0 f   g_cmds.obj
 0001:00004280       _ClientCommand             20005280 f   g_cmds.obj
 0001:000046e0       _CanDamage                 200056e0 f   g_combat.obj
 0001:00004a40       _Killed                    20005a40 f   g_combat.obj
 0001:00004bb0       _SpawnDamage               20005bb0 f   g_combat.obj
 0001:00004c20       _M_ReactToDamage           20005c20 f   g_combat.obj
 0001:00004f30       _CheckTeamDamage           20005f30 f   g_combat.obj
 0001:00004f50       _T_Damage                  20005f50 f   g_combat.obj
 0001:000058f0       _T_RadiusDamage            200068f0 f   g_combat.obj
 0001:00005ab0       _Move_Done                 20006ab0 f   g_func.obj
 0001:00005b00       _Move_Final                20006b00 f   g_func.obj
 0001:00005b90       _Move_Begin                20006b90 f   g_func.obj
 0001:00005c70       _Move_Calc                 20006c70 f   g_func.obj
 0001:00005dd0       _AngleMove_Done            20006dd0 f   g_func.obj
 0001:00005e20       _AngleMove_Final           20006e20 f   g_func.obj
 0001:00005f30       _AngleMove_Begin           20006f30 f   g_func.obj
 0001:00006080       _AngleMove_Calc            20007080 f   g_func.obj
 0001:00006120       _plat_CalcAcceleratedMove  20007120 f   g_func.obj
 0001:00006250       _plat_Accelerate           20007250 f   g_func.obj
 0001:00006450       _Think_AccelMove           20007450 f   g_func.obj
 0001:00006530       _plat_hit_top              20007530 f   g_func.obj
 0001:000065d0       _plat_hit_bottom           200075d0 f   g_func.obj
 0001:00006650       _plat_go_down              20007650 f   g_func.obj
 0001:000066f0       _plat_go_up                200076f0 f   g_func.obj
 0001:00006790       _plat_blocked              20007790 f   g_func.obj
 0001:00006870       _Use_Plat                  20007870 f   g_func.obj
 0001:000068a0       _Touch_Plat_Center         200078a0 f   g_func.obj
 0001:00006910       _plat_spawn_inside_trigger 20007910 f   g_func.obj
 0001:00006ae0       _SP_func_plat              20007ae0 f   g_func.obj
 0001:00006ea0       _rotating_blocked          20007ea0 f   g_func.obj
 0001:00006ef0       _rotating_touch            20007ef0 f   g_func.obj
 0001:00006f80       _rotating_use              20007f80 f   g_func.obj
 0001:00007040       _SP_func_rotating          20008040 f   g_func.obj
 0001:00007230       _button_done               20008230 f   g_func.obj
 0001:00007280       _button_return             20008280 f   g_func.obj
 0001:000072e0       _button_wait               200082e0 f   g_func.obj
 0001:00007380       _button_fire               20008380 f   g_func.obj
 0001:00007420       _button_use                20008420 f   g_func.obj
 0001:00007450       _button_touch              20008450 f   g_func.obj
 0001:000074a0       _button_killed             200084a0 f   g_func.obj
 0001:000074f0       _SP_func_button            200084f0 f   g_func.obj
 0001:000078a0       _door_use_areaportals      200088a0 f   g_func.obj
 0001:00007920       _door_hit_top              20008920 f   g_func.obj
 0001:000079e0       _door_hit_bottom           200089e0 f   g_func.obj
 0001:00007a70       _door_go_down              20008a70 f   g_func.obj
 0001:00007b80       _door_go_up                20008b80 f   g_func.obj
 0001:00007cd0       _door_use                  20008cd0 f   g_func.obj
 0001:00007db0       _Touch_DoorTrigger         20008db0 f   g_func.obj
 0001:00007e60       _Think_CalcMoveSpeed       20008e60 f   g_func.obj
 0001:00007fe0       _Think_SpawnDoorTrigger    20008fe0 f   g_func.obj
 0001:000081a0       _door_blocked              200091a0 f   g_func.obj
 0001:000082e0       _door_killed               200092e0 f   g_func.obj
 0001:00008350       _door_touch                20009350 f   g_func.obj
 0001:000083f0       _SP_func_door              200093f0 f   g_func.obj
 0001:00008970       _SP_func_door_rotating     20009970 f   g_func.obj
 0001:00008f30       _SP_func_water             20009f30 f   g_func.obj
 0001:00009350       _train_blocked             2000a350 f   g_func.obj
 0001:00009430       _train_wait                2000a430 f   g_func.obj
 0001:000095c0       _train_next                2000a5c0 f   g_func.obj
 0001:00009850       _train_resume              2000a850 f   g_func.obj
 0001:00009940       _func_train_find           2000a940 f   g_func.obj
 0001:00009a70       _train_use                 2000aa70 f   g_func.obj
 0001:00009b20       _SP_func_train             2000ab20 f   g_func.obj
 0001:00009ca0       _trigger_elevator_use      2000aca0 f   g_func.obj
 0001:00009d50       _trigger_elevator_init     2000ad50 f   g_func.obj
 0001:00009e20       _SP_trigger_elevator       2000ae20 f   g_func.obj
 0001:00009e60       _func_timer_think          2000ae60 f   g_func.obj
 0001:00009ed0       _func_timer_use            2000aed0 f   g_func.obj
 0001:00009f50       _SP_func_timer             2000af50 f   g_func.obj
 0001:0000a070       _func_conveyor_use         2000b070 f   g_func.obj
 0001:0000a100       _SP_func_conveyor          2000b100 f   g_func.obj
 0001:0000a1b0       _door_secret_use           2000b1b0 f   g_func.obj
 0001:0000a210       _door_secret_move1         2000b210 f   g_func.obj
 0001:0000a250       _door_secret_move2         2000b250 f   g_func.obj
 0001:0000a280       _door_secret_move3         2000b280 f   g_func.obj
 0001:0000a2d0       _door_secret_move4         2000b2d0 f   g_func.obj
 0001:0000a300       _door_secret_move5         2000b300 f   g_func.obj
 0001:0000a340       _door_secret_move6         2000b340 f   g_func.obj
 0001:0000a370       _door_secret_done          2000b370 f   g_func.obj
 0001:0000a3d0       _door_secret_blocked       2000b3d0 f   g_func.obj
 0001:0000a4a0       _door_secret_die           2000b4a0 f   g_func.obj
 0001:0000a4e0       _SP_func_door_secret       2000b4e0 f   g_func.obj
 0001:0000a860       _use_killbox               2000b860 f   g_func.obj
 0001:0000a880       _SP_func_killbox           2000b880 f   g_func.obj
 0001:0000a8d0       _GetItemByIndex            2000b8d0 f   g_items.obj
 0001:0000a900       _FindItemByClassname       2000b900 f   g_items.obj
 0001:0000a970       _FindItem                  2000b970 f   g_items.obj
 0001:0000a9e0       _DoRespawn                 2000b9e0 f   g_items.obj
 0001:0000aab0       _SetRespawn                2000bab0 f   g_items.obj
 0001:0000ab30       _Pickup_Powerup            2000bb30 f   g_items.obj
 0001:0000ad00       _Drop_General              2000bd00 f   g_items.obj
 0001:0000ad70       _Pickup_Adrenaline         2000bd70 f   g_items.obj
 0001:0000ae20       _Pickup_AncientHead        2000be20 f   g_items.obj
 0001:0000ae90       _Pickup_Bandolier          2000be90 f   g_items.obj
 0001:0000b080       _Pickup_Pack               2000c080 f   g_items.obj
 0001:0000b4d0       _Use_Quad                  2000c4d0 f   g_items.obj
 0001:0000b5d0       _Use_Breather              2000c5d0 f   g_items.obj
 0001:0000b680       _Use_Envirosuit            2000c680 f   g_items.obj
 0001:0000b730       _Use_Invulnerability       2000c730 f   g_items.obj
 0001:0000b810       _Use_Silencer              2000c810 f   g_items.obj
 0001:0000b890       _Pickup_Key                2000c890 f   g_items.obj
 0001:0000ba20       _Add_Ammo                  2000ca20 f   g_items.obj
 0001:0000bb60       _Pickup_Ammo               2000cb60 f   g_items.obj
 0001:0000bcc0       _Drop_Ammo                 2000ccc0 f   g_items.obj
 0001:0000bde0       _MegaHealth_think          2000cde0 f   g_items.obj
 0001:0000be90       _Pickup_Health             2000ce90 f   g_items.obj
 0001:0000bfd0       _ArmorIndex                2000cfd0 f   g_items.obj
 0001:0000c050       _Pickup_Armor              2000d050 f   g_items.obj
 0001:0000c290       _PowerArmorType            2000d290 f   g_items.obj
 0001:0000c300       _Use_PowerArmor            2000d300 f   g_items.obj
 0001:0000c400       _Pickup_PowerArmor         2000d400 f   g_items.obj
 0001:0000c4f0       _Drop_PowerArmor           2000d4f0 f   g_items.obj
 0001:0000c560       _Touch_Item                2000d560 f   g_items.obj
 0001:0000c880       _Drop_Item                 2000d880 f   g_items.obj
 0001:0000cba0       _Use_Item                  2000dba0 f   g_items.obj
 0001:0000cc30       _droptofloor               2000dc30 f   g_items.obj
 0001:0000cf80       _PrecacheItem              2000df80 f   g_items.obj
 0001:0000d1a0       _SpawnItem                 2000e1a0 f   g_items.obj
 0001:0000d420       _SP_item_health            2000e420 f   g_items.obj
 0001:0000d4b0       _SP_item_health_small      2000e4b0 f   g_items.obj
 0001:0000d550       _SP_item_health_large      2000e550 f   g_items.obj
 0001:0000d5e0       _SP_item_health_mega       2000e5e0 f   g_items.obj
 0001:0000d680       _InitItems                 2000e680 f   g_items.obj
 0001:0000d6a0       _SetItemNames              2000e6a0 f   g_items.obj
 0001:0000d7a0       _ShutdownGame              2000e7a0 f   g_main.obj
 0001:0000d7e0       _GetGameAPI                2000e7e0 f   g_main.obj
 0001:0000d8b0       _Sys_Error                 2000e8b0 f   g_main.obj
 0001:0000d920       _Com_Printf                2000e920 f   g_main.obj
 0001:0000d980       _ClientEndServerFrames     2000e980 f   g_main.obj
 0001:0000da00       _CreateTargetChangeLevel   2000ea00 f   g_main.obj
 0001:0000da50       _EndDMLevel                2000ea50 f   g_main.obj
 0001:0000dc00       _CheckNeedPass             2000ec00 f   g_main.obj
 0001:0000dcd0       _CheckDMRules              2000ecd0 f   g_main.obj
 0001:0000de00       _ExitLevel                 2000ee00 f   g_main.obj
 0001:0000def0       _G_RunFrame                2000eef0 f   g_main.obj
 0001:0000e050       _Use_Areaportal            2000f050 f   g_misc.obj
 0001:0000e0a0       _SP_func_areaportal        2000f0a0 f   g_misc.obj
 0001:0000e0d0       _VelocityForDamage         2000f0d0 f   g_misc.obj
 0001:0000e1a0       _ClipGibVelocity           2000f1a0 f   g_misc.obj
 0001:0000e2a0       _gib_think                 2000f2a0 f   g_misc.obj
 0001:0000e330       _gib_touch                 2000f330 f   g_misc.obj
 0001:0000e430       _gib_die                   2000f430 f   g_misc.obj
 0001:0000e450       _ThrowGib                  2000f450 f   g_misc.obj
 0001:0000e710       _ThrowHead                 2000f710 f   g_misc.obj
 0001:0000e930       _ThrowClientHead           2000f930 f   g_misc.obj
 0001:0000eb00       _debris_die                2000fb00 f   g_misc.obj
 0001:0000eb20       _ThrowDebris               2000fb20 f   g_misc.obj
 0001:0000ed50       _BecomeExplosion1          2000fd50 f   g_misc.obj
 0001:0000edb0       _BecomeExplosion2          2000fdb0 f   g_misc.obj
 0001:0000ee10       _path_corner_touch         2000fe10 f   g_misc.obj
 0001:0000f040       _SP_path_corner            20010040 f   g_misc.obj
 0001:0000f130       _point_combat_touch        20010130 f   g_misc.obj
 0001:0000f370       _SP_point_combat           20010370 f   g_misc.obj
 0001:0000f440       _TH_viewthing              20010440 f   g_misc.obj
 0001:0000f480       _SP_viewthing              20010480 f   g_misc.obj
 0001:0000f560       _SP_info_null              20010560 f   g_misc.obj
 0001:0000f580       _SP_info_notnull           20010580 f   g_misc.obj
 0001:0000f5f0       _SP_light                  200105f0 f   g_misc.obj
 0001:0000f730       _func_wall_use             20010730 f   g_misc.obj
 0001:0000f7d0       _SP_func_wall              200107d0 f   g_misc.obj
 0001:0000f930       _func_object_touch         20010930 f   g_misc.obj
 0001:0000f9a0       _func_object_release       200109a0 f   g_misc.obj
 0001:0000f9d0       _func_object_use           200109d0 f   g_misc.obj
 0001:0000fa30       _SP_func_object            20010a30 f   g_misc.obj
 0001:0000fbe0       _func_explosive_explode    20010be0 f   g_misc.obj
 0001:0000ff80       _func_explosive_use        20010f80 f   g_misc.obj
 0001:0000ffc0       _func_explosive_spawn      20010fc0 f   g_misc.obj
 0001:00010020       _SP_func_explosive         20011020 f   g_misc.obj
 0001:00010190       _barrel_touch              20011190 f   g_misc.obj
 0001:00010250       _barrel_explode            20011250 f   g_misc.obj
 0001:00010cb0       _barrel_delay              20011cb0 f   g_misc.obj
 0001:00010d00       _SP_misc_explobox          20011d00 f   g_misc.obj
 0001:00010eb0       _misc_blackhole_use        20011eb0 f   g_misc.obj
 0001:00010ed0       _misc_blackhole_think      20011ed0 f   g_misc.obj
 0001:00010f40       _SP_misc_blackhole         20011f40 f   g_misc.obj
 0001:00011020       _misc_eastertank_think     20012020 f   g_misc.obj
 0001:00011090       _SP_misc_eastertank        20012090 f   g_misc.obj
 0001:00011170       _misc_easterchick_think    20012170 f   g_misc.obj
 0001:000111e0       _SP_misc_easterchick       200121e0 f   g_misc.obj
 0001:000112b0       _misc_easterchick2_think   200122b0 f   g_misc.obj
 0001:00011320       _SP_misc_easterchick2      20012320 f   g_misc.obj
 0001:000113f0       _commander_body_think      200123f0 f   g_misc.obj
 0001:00011480       _commander_body_use        20012480 f   g_misc.obj
 0001:000114f0       _commander_body_drop       200124f0 f   g_misc.obj
 0001:00011520       _SP_monster_commander_body 20012520 f   g_misc.obj
 0001:00011650       _misc_banner_think         20012650 f   g_misc.obj
 0001:000116a0       _SP_misc_banner            200126a0 f   g_misc.obj
 0001:00011730       _misc_deadsoldier_die      20012730 f   g_misc.obj
 0001:000117d0       _SP_misc_deadsoldier       200127d0 f   g_misc.obj
 0001:00011980       _misc_viper_use            20012980 f   g_misc.obj
 0001:000119d0       _SP_misc_viper             200129d0 f   g_misc.obj
 0001:00011b50       _SP_misc_bigviper          20012b50 f   g_misc.obj
 0001:00011c00       _misc_viper_bomb_touch     20012c00 f   g_misc.obj
 0001:00011c80       _misc_viper_bomb_prethink  20012c80 f   g_misc.obj
 0001:00011d40       _misc_viper_bomb_use       20012d40 f   g_misc.obj
 0001:00011e50       _SP_misc_viper_bomb        20012e50 f   g_misc.obj
 0001:00011f30       _misc_strogg_ship_use      20012f30 f   g_misc.obj
 0001:00011f80       _SP_misc_strogg_ship       20012f80 f   g_misc.obj
 0001:00012110       _misc_satellite_dish_think 20013110 f   g_misc.obj
 0001:00012150       _misc_satellite_dish_use   20013150 f   g_misc.obj
 0001:00012190       _SP_misc_satellite_dish    20013190 f   g_misc.obj
 0001:00012240       _SP_light_mine1            20013240 f   g_misc.obj
 0001:00012290       _SP_light_mine2            20013290 f   g_misc.obj
 0001:000122e0       _SP_misc_gib_arm           200132e0 f   g_misc.obj
 0001:00012410       _SP_misc_gib_leg           20013410 f   g_misc.obj
 0001:00012540       _SP_misc_gib_head          20013540 f   g_misc.obj
 0001:00012670       _SP_target_character       20013670 f   g_misc.obj
 0001:000126d0       _target_string_use         200136d0 f   g_misc.obj
 0001:000127c0       _SP_target_string          200137c0 f   g_misc.obj
 0001:00012800       _func_clock_think          20013800 f   g_misc.obj
 0001:00012cc0       _func_clock_use            20013cc0 f   g_misc.obj
 0001:00012d20       _SP_func_clock             20013d20 f   g_misc.obj
 0001:00012e60       _teleporter_touch          20013e60 f   g_misc.obj
 0001:00013050       _SP_misc_teleporter        20014050 f   g_misc.obj
 0001:00013210       _SP_misc_teleporter_dest   20014210 f   g_misc.obj
 0001:000132b0       _monster_fire_bullet       200142b0 f   g_monster.obj
 0001:00013330       _monster_fire_shotgun      20014330 f   g_monster.obj
 0001:000133b0       _monster_fire_blaster      200143b0 f   g_monster.obj
 0001:00013430       _monster_fire_grenade      20014430 f   g_monster.obj
 0001:000134c0       _monster_fire_rocket       200144c0 f   g_monster.obj
 0001:00013550       _monster_fire_railgun      20014550 f   g_monster.obj
 0001:000135c0       _monster_fire_bfg          200145c0 f   g_monster.obj
 0001:00013640       _M_FlyCheck                20014640 f   g_monster.obj
 0001:00013770       _AttackFinished            20014770 f   g_monster.obj
 0001:000137a0       _M_CheckGround             200147a0 f   g_monster.obj
 0001:000138e0       _M_CatagorizePosition      200148e0 f   g_monster.obj
 0001:000139e0       _M_WorldEffects            200149e0 f   g_monster.obj
 0001:00013eb0       _M_droptofloor             20014eb0 f   g_monster.obj
 0001:00013fb0       _M_SetEffects              20014fb0 f   g_monster.obj
 0001:00014090       _M_MoveFrame               20015090 f   g_monster.obj
 0001:00014290       _monster_think             20015290 f   g_monster.obj
 0001:00014300       _monster_use               20015300 f   g_monster.obj
 0001:00014370       _monster_triggered_spawn   20015370 f   g_monster.obj
 0001:00014450       _monster_triggered_spawn_use 20015450 f   g_monster.obj
 0001:000144b0       _monster_triggered_start   200154b0 f   g_monster.obj
 0001:00014510       _monster_death_use         20015510 f   g_monster.obj
 0001:000145c0       _monster_start             200155c0 f   g_monster.obj
 0001:000147f0       _monster_start_go          200157f0 f   g_monster.obj
 0001:00014bb0       _walkmonster_start_go      20015bb0 f   g_monster.obj
 0001:00014ca0       _walkmonster_start         20015ca0 f   g_monster.obj
 0001:00014cd0       _flymonster_start_go       20015cd0 f   g_monster.obj
 0001:00014d80       _flymonster_start          20015d80 f   g_monster.obj
 0001:00014dc0       _swimmonster_start_go      20015dc0 f   g_monster.obj
 0001:00014e30       _swimmonster_start         20015e30 f   g_monster.obj
 0001:00014e70       _SV_TestEntityPosition     20015e70 f   g_phys.obj
 0001:00014f10       _SV_CheckVelocity          20015f10 f   g_phys.obj
 0001:00014fb0       _SV_RunThink               20015fb0 f   g_phys.obj
 0001:00015040       _SV_Impact                 20016040 f   g_phys.obj
 0001:000150d0       _ClipVelocity              200160d0 f   g_phys.obj
 0001:000151d0       _SV_FlyMove                200161d0 f   g_phys.obj
 0001:00015760       _SV_AddGravity             20016760 f   g_phys.obj
 0001:000157a0       _SV_PushEntity             200167a0 f   g_phys.obj
 0001:00015910       _SV_Push                   20016910 f   g_phys.obj
 0001:00016010       _SV_Physics_Pusher         20017010 f   g_phys.obj
 0001:00016210       _SV_Physics_None           20017210 f   g_phys.obj
 0001:00016230       _SV_Physics_Noclip         20017230 f   g_phys.obj
 0001:000162c0       _SV_Physics_Toss           200172c0 f   g_phys.obj
 0001:00016660       _SV_AddRotationalFriction  20017660 f   g_phys.obj
 0001:00016770       _SV_Physics_Step           20017770 f   g_phys.obj
 0001:00016bf0       _G_RunEntity               20017bf0 f   g_phys.obj
 0001:00016cc0       _InitGame                  20017cc0 f   g_save.obj
 0001:00017100       _WriteField1               20018100 f   g_save.obj
 0001:000172b0       _WriteField2               200182b0 f   g_save.obj
 0001:00017320       _ReadField                 20018320 f   g_save.obj
 0001:000174e0       _WriteClient               200184e0 f   g_save.obj
 0001:000175a0       _ReadClient                200185a0 f   g_save.obj
 0001:00017600       _WriteGame                 20018600 f   g_save.obj
 0001:00017710       _ReadGame                  20018710 f   g_save.obj
 0001:00017860       _WriteEdict                20018860 f   g_save.obj
 0001:00017920       _WriteLevelLocals          20018920 f   g_save.obj
 0001:000179e0       _ReadEdict                 200189e0 f   g_save.obj
 0001:00017a40       _ReadLevelLocals           20018a40 f   g_save.obj
 0001:00017aa0       _WriteLevel                20018aa0 f   g_save.obj
 0001:00017bb0       _ReadLevel                 20018bb0 f   g_save.obj
 0001:00017e40       _ED_CallSpawn              20018e40 f   g_spawn.obj
 0001:00017f40       _ED_NewString              20018f40 f   g_spawn.obj
 0001:00018010       _ED_ParseField             20019010 f   g_spawn.obj
 0001:000181c0       _ED_ParseEdict             200191c0 f   g_spawn.obj
 0001:00018300       _G_FindTeams               20019300 f   g_spawn.obj
 0001:000184a0       _SpawnEntities             200194a0 f   g_spawn.obj
 0001:00018800       _SP_worldspawn             20019800 f   g_spawn.obj
 0001:00018e90       _Svcmd_Test_f              20019e90 f   g_svcmds.obj
 0001:00018ec0       _SV_FilterPacket           20019ec0 f   g_svcmds.obj
 0001:00018fd0       _SVCmd_AddIP_f             20019fd0 f   g_svcmds.obj
 0001:00019230       _SVCmd_RemoveIP_f          2001a230 f   g_svcmds.obj
 0001:00019350       _SVCmd_ListIP_f            2001a350 f   g_svcmds.obj
 0001:000193d0       _SVCmd_WriteIP_f           2001a3d0 f   g_svcmds.obj
 0001:00019550       _ServerCommand             2001a550 f   g_svcmds.obj
 0001:00019620       _Use_Target_Tent           2001a620 f   g_target.obj
 0001:00019670       _SP_target_temp_entity     2001a670 f   g_target.obj
 0001:00019690       _Use_Target_Speaker        2001a690 f   g_target.obj
 0001:00019740       _SP_target_speaker         2001a740 f   g_target.obj
 0001:00019890       _Use_Target_Help           2001a890 f   g_target.obj
 0001:00019900       _SP_target_help            2001a900 f   g_target.obj
 0001:00019980       _use_target_secret         2001a980 f   g_target.obj
 0001:000199f0       _SP_target_secret          2001a9f0 f   g_target.obj
 0001:00019ae0       _use_target_goal           2001aae0 f   g_target.obj
 0001:00019b70       _SP_target_goal            2001ab70 f   g_target.obj
 0001:00019c00       _target_explosion_explode  2001ac00 f   g_target.obj
 0001:00019cc0       _use_target_explosion      2001acc0 f   g_target.obj
 0001:00019d30       _SP_target_explosion       2001ad30 f   g_target.obj
 0001:00019d60       _use_target_changelevel    2001ad60 f   g_target.obj
 0001:00019eb0       _SP_target_changelevel     2001aeb0 f   g_target.obj
 0001:00019f50       _use_target_splash         2001af50 f   g_target.obj
 0001:0001a020       _SP_target_splash          2001b020 f   g_target.obj
 0001:0001a080       _use_target_spawner        2001b080 f   g_target.obj
 0001:0001a170       _SP_target_spawner         2001b170 f   g_target.obj
 0001:0001a1f0       _use_target_blaster        2001b1f0 f   g_target.obj
 0001:0001a2a0       _SP_target_blaster         2001b2a0 f   g_target.obj
 0001:0001a340       _trigger_crosslevel_trigger_use 2001b340 f   g_target.obj
 0001:0001a380       _SP_target_crosslevel_trigger 2001b380 f   g_target.obj
 0001:0001a3b0       _target_crosslevel_target_think 2001b3b0 f   g_target.obj
 0001:0001a400       _SP_target_crosslevel_target 2001b400 f   g_target.obj
 0001:0001a470       _target_laser_think        2001b470 f   g_target.obj
 0001:0001a780       _target_laser_on           2001b780 f   g_target.obj
 0001:0001a7f0       _target_laser_off          2001b7f0 f   g_target.obj
 0001:0001a840       _target_laser_use          2001b840 f   g_target.obj
 0001:0001a890       _target_laser_start        2001b890 f   g_target.obj
 0001:0001aae0       _SP_target_laser           2001bae0 f   g_target.obj
 0001:0001ab20       _target_lightramp_think    2001bb20 f   g_target.obj
 0001:0001ac30       _target_lightramp_use      2001bc30 f   g_target.obj
 0001:0001ad80       _SP_target_lightramp       2001bd80 f   g_target.obj
 0001:0001af50       _target_earthquake_think   2001bf50 f   g_target.obj
 0001:0001b100       _target_earthquake_use     2001c100 f   g_target.obj
 0001:0001b160       _SP_target_earthquake      2001c160 f   g_target.obj
 0001:0001b230       _InitTrigger               2001c230 f   g_trigger.obj
 0001:0001b2b0       _multi_wait                2001c2b0 f   g_trigger.obj
 0001:0001b2d0       _multi_trigger             2001c2d0 f   g_trigger.obj
 0001:0001b380       _Use_Multi                 2001c380 f   g_trigger.obj
 0001:0001b3b0       _Touch_Multi               2001c3b0 f   g_trigger.obj
 0001:0001b490       _trigger_enable            2001c490 f   g_trigger.obj
 0001:0001b4d0       _SP_trigger_multiple       2001c4d0 f   g_trigger.obj
 0001:0001b640       _SP_trigger_once           2001c640 f   g_trigger.obj
 0001:0001b710       _trigger_relay_use         2001c710 f   g_trigger.obj
 0001:0001b730       _SP_trigger_relay          2001c730 f   g_trigger.obj
 0001:0001b750       _trigger_key_use           2001c750 f   g_trigger.obj
 0001:0001ba20       _SP_trigger_key            2001ca20 f   g_trigger.obj
 0001:0001bb10       _trigger_counter_use       2001cb10 f   g_trigger.obj
 0001:0001bc20       _SP_trigger_counter        2001cc20 f   g_trigger.obj
 0001:0001bc70       _SP_trigger_always         2001cc70 f   g_trigger.obj
 0001:0001bcc0       _trigger_push_touch        2001ccc0 f   g_trigger.obj
 0001:0001be30       _SP_trigger_push           2001ce30 f   g_trigger.obj
 0001:0001bea0       _hurt_use                  2001cea0 f   g_trigger.obj
 0001:0001bf00       _hurt_touch                2001cf00 f   g_trigger.obj
 0001:0001c020       _SP_trigger_hurt           2001d020 f   g_trigger.obj
 0001:0001c0d0       _trigger_gravity_touch     2001d0d0 f   g_trigger.obj
 0001:0001c100       _SP_trigger_gravity        2001d100 f   g_trigger.obj
 0001:0001c180       _trigger_monsterjump_touch 2001d180 f   g_trigger.obj
 0001:0001c230       _SP_trigger_monsterjump    2001d230 f   g_trigger.obj
 0001:0001c2c0       _AnglesNormalize           2001d2c0 f   g_turret.obj
 0001:0001c370       _SnapToEights              2001d370 f   g_turret.obj
 0001:0001c3d0       _turret_blocked            2001d3d0 f   g_turret.obj
 0001:0001c460       _turret_breach_fire        2001d460 f   g_turret.obj
 0001:0001c5c0       _turret_breach_think       2001d5c0 f   g_turret.obj
 0001:0001cc30       _turret_breach_finish_init 2001dc30 f   g_turret.obj
 0001:0001cd40       _SP_turret_breach          2001dd40 f   g_turret.obj
 0001:0001cec0       _SP_turret_base            2001dec0 f   g_turret.obj
 0001:0001cf20       _turret_driver_die         2001df20 f   g_turret.obj
 0001:0001cff0       _turret_driver_think       2001dff0 f   g_turret.obj
 0001:0001d230       _turret_driver_link        2001e230 f   g_turret.obj
 0001:0001d430       _SP_turret_driver          2001e430 f   g_turret.obj
 0001:0001d670       _G_ProjectSource           2001e670 f   g_utils.obj
 0001:0001d700       _G_Find                    2001e700 f   g_utils.obj
 0001:0001d790       _findradius                2001e790 f   g_utils.obj
 0001:0001d890       _G_PickTarget              2001e890 f   g_utils.obj
 0001:0001d940       _Think_Delay               2001e940 f   g_utils.obj
 0001:0001d980       _G_UseTargets              2001e980 f   g_utils.obj
 0001:0001dc40       _tv                        2001ec40 f   g_utils.obj
 0001:0001dc90       _vtos                      2001ec90 f   g_utils.obj
 0001:0001dd00       _G_SetMovedir              2001ed00 f   g_utils.obj
 0001:0001ddb0       _vectoyaw                  2001edb0 f   g_utils.obj
 0001:0001de70       _vectoangles               2001ee70 f   g_utils.obj
 0001:0001e000       _G_CopyString              2001f000 f   g_utils.obj
 0001:0001e050       _G_InitEdict               2001f050 f   g_utils.obj
 0001:0001e0a0       _G_Spawn                   2001f0a0 f   g_utils.obj
 0001:0001e190       _G_FreeEdict               2001f190 f   g_utils.obj
 0001:0001e220       _G_TouchTriggers           2001f220 f   g_utils.obj
 0001:0001e300       _G_TouchSolids             2001f300 f   g_utils.obj
 0001:0001e3c0       _KillBox                   2001f3c0 f   g_utils.obj
 0001:0001e490       _fire_hit                  2001f490 f   g_weapon.obj
 0001:0001e820       _fire_bullet               2001f820 f   g_weapon.obj
 0001:0001eec0       _fire_shotgun              2001fec0 f   g_weapon.obj
 0001:0001ef20       _blaster_touch             2001ff20 f   g_weapon.obj
 0001:0001f070       _fire_blaster              20020070 f   g_weapon.obj
 0001:0001f450       _fire_grenade              20020450 f   g_weapon.obj
 0001:0001fb00       _fire_grenade2             20020b00 f   g_weapon.obj
 0001:0001fdf0       _rocket_touch              20020df0 f   g_weapon.obj
 0001:00020000       _fire_rocket               20021000 f   g_weapon.obj
 0001:000201e0       _fire_rail                 200211e0 f   g_weapon.obj
 0001:000203e0       _bfg_explode               200213e0 f   g_weapon.obj
 0001:00020630       _bfg_touch                 20021630 f   g_weapon.obj
 0001:00020850       _bfg_think                 20021850 f   g_weapon.obj
 0001:00020b60       _fire_bfg                  20021b60 f   g_weapon.obj
 0001:00020d70       _actor_stand               20021d70 f   m_actor.obj
 0001:00020de0       _actor_walk                20021de0 f   m_actor.obj
 0001:00020e00       _actor_run                 20021e00 f   m_actor.obj
 0001:00020e90       _actor_pain                20021e90 f   m_actor.obj
 0001:00021060       _actorMachineGun           20022060 f   m_actor.obj
 0001:000211e0       _actor_dead                200221e0 f   m_actor.obj
 0001:00021290       _actor_die                 20022290 f   m_actor.obj
 0001:000213a0       _actor_fire                200223a0 f   m_actor.obj
 0001:00021410       _actor_attack              20022410 f   m_actor.obj
 0001:00021460       _actor_use                 20022460 f   m_actor.obj
 0001:000215d0       _SP_misc_actor             200225d0 f   m_actor.obj
 0001:00021800       _target_actor_touch        20022800 f   m_actor.obj
 0001:00021b90       _SP_target_actor           20022b90 f   m_actor.obj
 0001:00021cf0       _berserk_sight             20022cf0 f   m_berserk.obj
 0001:00021d30       _berserk_search            20022d30 f   m_berserk.obj
 0001:00021d70       _berserk_stand             20022d70 f   m_berserk.obj
 0001:00021d90       _berserk_fidget            20022d90 f   m_berserk.obj
 0001:00021e10       _berserk_walk              20022e10 f   m_berserk.obj
 0001:00021e30       _berserk_run               20022e30 f   m_berserk.obj
 0001:00021e70       _berserk_attack_spike      20022e70 f   m_berserk.obj
 0001:00021eb0       _berserk_swing             20022eb0 f   m_berserk.obj
 0001:00021ef0       _berserk_attack_club       20022ef0 f   m_berserk.obj
 0001:00021f60       _berserk_strike            20022f60 f   m_berserk.obj
 0001:00021f70       _berserk_melee             20022f70 f   m_berserk.obj
 0001:00021fc0       _berserk_pain              20022fc0 f   m_berserk.obj
 0001:000220b0       _berserk_dead              200230b0 f   m_berserk.obj
 0001:00022160       _berserk_die               20023160 f   m_berserk.obj
 0001:000222c0       _SP_monster_berserk        200232c0 f   m_berserk.obj
 0001:000224d0       _boss2_search              200234d0 f   m_boss2.obj
 0001:00022530       _Boss2Rocket               20023530 f   m_boss2.obj
 0001:00022810       _boss2_firebullet_right    20023810 f   m_boss2.obj
 0001:00022910       _boss2_firebullet_left     20023910 f   m_boss2.obj
 0001:00022a10       _Boss2MachineGun           20023a10 f   m_boss2.obj
 0001:00022a40       _boss2_stand               20023a40 f   m_boss2.obj
 0001:00022a60       _boss2_run                 20023a60 f   m_boss2.obj
 0001:00022aa0       _boss2_walk                20023aa0 f   m_boss2.obj
 0001:00022ac0       _boss2_attack              20023ac0 f   m_boss2.obj
 0001:00022b90       _boss2_attack_mg           20023b90 f   m_boss2.obj
 0001:00022bb0       _boss2_reattack_mg         20023bb0 f   m_boss2.obj
 0001:00022c30       _boss2_pain                20023c30 f   m_boss2.obj
 0001:00022d50       _boss2_dead                20023d50 f   m_boss2.obj
 0001:00022df0       _boss2_die                 20023df0 f   m_boss2.obj
 0001:00022e60       _Boss2_CheckAttack         20023e60 f   m_boss2.obj
 0001:00023170       _SP_monster_boss2          20024170 f   m_boss2.obj
 0001:00023370       _Use_Boss3                 20024370 f   m_boss3.obj
 0001:000233d0       _Think_Boss3Stand          200243d0 f   m_boss3.obj
 0001:00023420       _SP_monster_boss3_stand    20024420 f   m_boss3.obj
 0001:00023540       _jorg_search               20024540 f   m_boss31.obj
 0001:00023610       _jorg_idle                 20024610 f   m_boss31.obj
 0001:00023650       _jorg_death_hit            20024650 f   m_boss31.obj
 0001:00023690       _jorg_step_left            20024690 f   m_boss31.obj
 0001:000236d0       _jorg_step_right           200246d0 f   m_boss31.obj
 0001:00023710       _jorg_stand                20024710 f   m_boss31.obj
 0001:00023730       _jorg_walk                 20024730 f   m_boss31.obj
 0001:00023750       _jorg_run                  20024750 f   m_boss31.obj
 0001:00023790       _jorg_reattack1            20024790 f   m_boss31.obj
 0001:00023820       _jorg_attack1              20024820 f   m_boss31.obj
 0001:00023840       _jorg_pain                 20024840 f   m_boss31.obj
 0001:00023a80       _jorgBFG                   20024a80 f   m_boss31.obj
 0001:00023ba0       _jorg_firebullet_right     20024ba0 f   m_boss31.obj
 0001:00023ca0       _jorg_firebullet_left      20024ca0 f   m_boss31.obj
 0001:00023da0       _jorg_firebullet           20024da0 f   m_boss31.obj
 0001:00023dd0       _jorg_attack               20024dd0 f   m_boss31.obj
 0001:00023ef0       _jorg_dead                 20024ef0 f   m_boss31.obj
 0001:00023f00       _jorg_die                  20024f00 f   m_boss31.obj
 0001:00023f80       _Jorg_CheckAttack          20024f80 f   m_boss31.obj
 0001:00024290       _SP_monster_jorg           20025290 f   m_boss31.obj
 0001:00024560       _makron_taunt              20025560 f   m_boss32.obj
 0001:00024630       _makron_stand              20025630 f   m_boss32.obj
 0001:00024650       _makron_hit                20025650 f   m_boss32.obj
 0001:00024690       _makron_popup              20025690 f   m_boss32.obj
 0001:000246d0       _makron_step_left          200256d0 f   m_boss32.obj
 0001:00024710       _makron_step_right         20025710 f   m_boss32.obj
 0001:00024750       _makron_brainsplorch       20025750 f   m_boss32.obj
 0001:00024790       _makron_prerailgun         20025790 f   m_boss32.obj
 0001:000247d0       _makron_walk               200257d0 f   m_boss32.obj
 0001:000247f0       _makron_run                200257f0 f   m_boss32.obj
 0001:00024830       _makronBFG                 20025830 f   m_boss32.obj
 0001:00024950       _MakronSaveloc             20025950 f   m_boss32.obj
 0001:000249c0       _MakronRailgun             200259c0 f   m_boss32.obj
 0001:00024a80       _MakronHyperblaster        20025a80 f   m_boss32.obj
 0001:00024c10       _makron_pain               20025c10 f   m_boss32.obj
 0001:00024e00       _makron_sight              20025e00 f   m_boss32.obj
 0001:00024e20       _makron_attack             20025e20 f   m_boss32.obj
 0001:00024f00       _makron_torso_think        20025f00 f   m_boss32.obj
 0001:00024f70       _makron_torso              20025f70 f   m_boss32.obj
 0001:00025060       _makron_dead               20026060 f   m_boss32.obj
 0001:00025100       _makron_die                20026100 f   m_boss32.obj
 0001:000252c0       _Makron_CheckAttack        200262c0 f   m_boss32.obj
 0001:000255d0       _MakronPrecache            200265d0 f   m_boss32.obj
 0001:00025700       _SP_monster_makron         20026700 f   m_boss32.obj
 0001:000258a0       _MakronSpawn               200268a0 f   m_boss32.obj
 0001:00025970       _MakronToss                20026970 f   m_boss32.obj
 0001:000259e0       _brain_sight               200269e0 f   m_brain.obj
 0001:00025a20       _brain_search              20026a20 f   m_brain.obj
 0001:00025a60       _brain_stand               20026a60 f   m_brain.obj
 0001:00025a80       _brain_idle                20026a80 f   m_brain.obj
 0001:00025ad0       _brain_walk                20026ad0 f   m_brain.obj
 0001:00025af0       _brain_duck_down           20026af0 f   m_brain.obj
 0001:00025b60       _brain_duck_hold           20026b60 f   m_brain.obj
 0001:00025bc0       _brain_duck_up             20026bc0 f   m_brain.obj
 0001:00025c20       _brain_dodge               20026c20 f   m_brain.obj
 0001:00025ca0       _brain_swing_right         20026ca0 f   m_brain.obj
 0001:00025ce0       _brain_hit_right           20026ce0 f   m_brain.obj
 0001:00025d70       _brain_swing_left          20026d70 f   m_brain.obj
 0001:00025db0       _brain_hit_left            20026db0 f   m_brain.obj
 0001:00025e40       _brain_chest_open          20026e40 f   m_brain.obj
 0001:00025ea0       _brain_tentacle_attack     20026ea0 f   m_brain.obj
 0001:00025f60       _brain_chest_closed        20026f60 f   m_brain.obj
 0001:00025fc0       _brain_melee               20026fc0 f   m_brain.obj
 0001:00026010       _brain_run                 20027010 f   m_brain.obj
 0001:00026060       _brain_pain                20027060 f   m_brain.obj
 0001:000261c0       _brain_dead                200271c0 f   m_brain.obj
 0001:00026270       _brain_die                 20027270 f   m_brain.obj
 0001:00026400       _SP_monster_brain          20027400 f   m_brain.obj
 0001:000266c0       _ChickMoan                 200276c0 f   m_chick.obj
 0001:00026750       _chick_fidget              20027750 f   m_chick.obj
 0001:000267a0       _chick_stand               200277a0 f   m_chick.obj
 0001:000267c0       _chick_walk                200277c0 f   m_chick.obj
 0001:000267e0       _chick_run                 200277e0 f   m_chick.obj
 0001:00026850       _chick_pain                20027850 f   m_chick.obj
 0001:000269c0       _chick_dead                200279c0 f   m_chick.obj
 0001:00026a60       _chick_die                 20027a60 f   m_chick.obj
 0001:00026c00       _chick_duck_down           20027c00 f   m_chick.obj
 0001:00026c90       _chick_duck_hold           20027c90 f   m_chick.obj
 0001:00026cf0       _chick_duck_up             20027cf0 f   m_chick.obj
 0001:00026d50       _chick_dodge               20027d50 f   m_chick.obj
 0001:00026db0       _ChickSlash                20027db0 f   m_chick.obj
 0001:00026e40       _ChickRocket               20027e40 f   m_chick.obj
 0001:00026f30       _Chick_PreAttack1          20027f30 f   m_chick.obj
 0001:00026f70       _ChickReload               20027f70 f   m_chick.obj
 0001:00026fb0       _chick_rerocket            20027fb0 f   m_chick.obj
 0001:00027050       _chick_attack1             20028050 f   m_chick.obj
 0001:00027070       _chick_reslash             20028070 f   m_chick.obj
 0001:00027100       _chick_slash               20028100 f   m_chick.obj
 0001:00027120       _chick_melee               20028120 f   m_chick.obj
 0001:00027140       _chick_attack              20028140 f   m_chick.obj
 0001:00027160       _chick_sight               20028160 f   m_chick.obj
 0001:000271a0       _SP_monster_chick          200281a0 f   m_chick.obj
 0001:00027450       _flipper_stand             20028450 f   m_flipper.obj
 0001:00027470       _flipper_run_loop          20028470 f   m_flipper.obj
 0001:00027490       _flipper_run               20028490 f   m_flipper.obj
 0001:000274b0       _flipper_walk              200284b0 f   m_flipper.obj
 0001:000274d0       _flipper_start_run         200284d0 f   m_flipper.obj
 0001:000274f0       _flipper_bite              200284f0 f   m_flipper.obj
 0001:00027540       _flipper_preattack         20028540 f   m_flipper.obj
 0001:00027580       _flipper_melee             20028580 f   m_flipper.obj
 0001:000275a0       _flipper_pain              200285a0 f   m_flipper.obj
 0001:000276b0       _flipper_dead              200286b0 f   m_flipper.obj
 0001:00027760       _flipper_sight             20028760 f   m_flipper.obj
 0001:000277a0       _flipper_die               200287a0 f   m_flipper.obj
 0001:000278e0       _SP_monster_flipper        200288e0 f   m_flipper.obj
 0001:00027af0       _floater_sight             20028af0 f   m_float.obj
 0001:00027b30       _floater_idle              20028b30 f   m_float.obj
 0001:00027b70       _floater_fire_blaster      20028b70 f   m_float.obj
 0001:00027c70       _floater_stand             20028c70 f   m_float.obj
 0001:00027cc0       _floater_run               20028cc0 f   m_float.obj
 0001:00027d00       _floater_walk              20028d00 f   m_float.obj
 0001:00027d20       _floater_wham              20028d20 f   m_float.obj
 0001:00027d80       _floater_zap               20028d80 f   m_float.obj
 0001:00027f00       _floater_attack            20028f00 f   m_float.obj
 0001:00027f20       _floater_melee             20028f20 f   m_float.obj
 0001:00027f70       _floater_pain              20028f70 f   m_float.obj
 0001:00028080       _floater_dead              20029080 f   m_float.obj
 0001:00028130       _floater_die               20029130 f   m_float.obj
 0001:00028180       _SP_monster_floater        20029180 f   m_float.obj
 0001:000283f0       _flyer_sight               200293f0 f   m_flyer.obj
 0001:00028430       _flyer_idle                20029430 f   m_flyer.obj
 0001:00028470       _flyer_pop_blades          20029470 f   m_flyer.obj
 0001:000284b0       _flyer_run                 200294b0 f   m_flyer.obj
 0001:000284f0       _flyer_walk                200294f0 f   m_flyer.obj
 0001:00028510       _flyer_stand               20029510 f   m_flyer.obj
 0001:00028530       _flyer_stop                20029530 f   m_flyer.obj
 0001:00028550       _flyer_start               20029550 f   m_flyer.obj
 0001:00028570       _flyer_fire                20029570 f   m_flyer.obj
 0001:00028690       _flyer_fireleft            20029690 f   m_flyer.obj
 0001:000286b0       _flyer_fireright           200296b0 f   m_flyer.obj
 0001:000286d0       _flyer_slash_left          200296d0 f   m_flyer.obj
 0001:00028750       _flyer_slash_right         20029750 f   m_flyer.obj
 0001:000287d0       _flyer_loop_melee          200297d0 f   m_flyer.obj
 0001:000287f0       _flyer_attack              200297f0 f   m_flyer.obj
 0001:00028810       _flyer_setstart            20029810 f   m_flyer.obj
 0001:00028840       _flyer_nextmove            20029840 f   m_flyer.obj
 0001:000288a0       _flyer_melee               200298a0 f   m_flyer.obj
 0001:000288c0       _flyer_check_melee         200298c0 f   m_flyer.obj
 0001:00028940       _flyer_pain                20029940 f   m_flyer.obj
 0001:00028a80       _flyer_die                 20029a80 f   m_flyer.obj
 0001:00028ad0       _SP_monster_flyer          20029ad0 f   m_flyer.obj
 0001:00028d40       _gladiator_idle            20029d40 f   m_gladiator.obj
 0001:00028d80       _gladiator_sight           20029d80 f   m_gladiator.obj
 0001:00028dc0       _gladiator_search          20029dc0 f   m_gladiator.obj
 0001:00028e00       _gladiator_cleaver_swing   20029e00 f   m_gladiator.obj
 0001:00028e40       _gladiator_stand           20029e40 f   m_gladiator.obj
 0001:00028e60       _gladiator_walk            20029e60 f   m_gladiator.obj
 0001:00028e80       _gladiator_run             20029e80 f   m_gladiator.obj
 0001:00028ec0       _GaldiatorMelee            20029ec0 f   m_gladiator.obj
 0001:00028f80       _gladiator_melee           20029f80 f   m_gladiator.obj
 0001:00028fa0       _GladiatorGun              20029fa0 f   m_gladiator.obj
 0001:00029060       _gladiator_attack          2002a060 f   m_gladiator.obj
 0001:00029180       _gladiator_pain            2002a180 f   m_gladiator.obj
 0001:000292e0       _gladiator_dead            2002a2e0 f   m_gladiator.obj
 0001:00029390       _gladiator_die             2002a390 f   m_gladiator.obj
 0001:000294d0       _SP_monster_gladiator      2002a4d0 f   m_gladiator.obj
 0001:00029740       _gunner_idlesound          2002a740 f   m_gunner.obj
 0001:00029780       _gunner_sight              2002a780 f   m_gunner.obj
 0001:000297c0       _gunner_search             2002a7c0 f   m_gunner.obj
 0001:00029800       _gunner_fidget             2002a800 f   m_gunner.obj
 0001:00029850       _gunner_stand              2002a850 f   m_gunner.obj
 0001:00029870       _gunner_walk               2002a870 f   m_gunner.obj
 0001:00029890       _gunner_run                2002a890 f   m_gunner.obj
 0001:000298d0       _gunner_runandshoot        2002a8d0 f   m_gunner.obj
 0001:000298f0       _gunner_pain               2002a8f0 f   m_gunner.obj
 0001:00029a00       _gunner_dead               2002aa00 f   m_gunner.obj
 0001:00029ab0       _gunner_die                2002aab0 f   m_gunner.obj
 0001:00029bf0       _gunner_duck_down          2002abf0 f   m_gunner.obj
 0001:00029cc0       _gunner_duck_hold          2002acc0 f   m_gunner.obj
 0001:00029d20       _gunner_duck_up            2002ad20 f   m_gunner.obj
 0001:00029d80       _gunner_dodge              2002ad80 f   m_gunner.obj
 0001:00029de0       _gunner_opengun            2002ade0 f   m_gunner.obj
 0001:00029e20       _GunnerFire                2002ae20 f   m_gunner.obj
 0001:00029f50       _GunnerGrenade             2002af50 f   m_gunner.obj
 0001:0002a030       _gunner_attack             2002b030 f   m_gunner.obj
 0001:0002a0b0       _gunner_fire_chain         2002b0b0 f   m_gunner.obj
 0001:0002a0d0       _gunner_refire_chain       2002b0d0 f   m_gunner.obj
 0001:0002a150       _SP_monster_gunner         2002b150 f   m_gunner.obj
 0001:0002a390       _hover_sight               2002b390 f   m_hover.obj
 0001:0002a3d0       _hover_search              2002b3d0 f   m_hover.obj
 0001:0002a460       _hover_reattack            2002b460 f   m_hover.obj
 0001:0002a4e0       _hover_fire_blaster        2002b4e0 f   m_hover.obj
 0001:0002a5e0       _hover_stand               2002b5e0 f   m_hover.obj
 0001:0002a600       _hover_run                 2002b600 f   m_hover.obj
 0001:0002a640       _hover_walk                2002b640 f   m_hover.obj
 0001:0002a660       _hover_start_attack        2002b660 f   m_hover.obj
 0001:0002a680       _hover_attack              2002b680 f   m_hover.obj
 0001:0002a6a0       _hover_pain                2002b6a0 f   m_hover.obj
 0001:0002a7f0       _hover_deadthink           2002b7f0 f   m_hover.obj
 0001:0002a850       _hover_dead                2002b850 f   m_hover.obj
 0001:0002a910       _hover_die                 2002b910 f   m_hover.obj
 0001:0002aaa0       _SP_monster_hover          2002baa0 f   m_hover.obj
 0001:0002acd0       _infantry_stand            2002bcd0 f   m_infantry.obj
 0001:0002acf0       _infantry_fidget           2002bcf0 f   m_infantry.obj
 0001:0002ad40       _infantry_walk             2002bd40 f   m_infantry.obj
 0001:0002ad60       _infantry_run              2002bd60 f   m_infantry.obj
 0001:0002ada0       _infantry_pain             2002bda0 f   m_infantry.obj
 0001:0002aeb0       _InfantryMachineGun        2002beb0 f   m_infantry.obj
 0001:0002b0a0       _infantry_sight            2002c0a0 f   m_infantry.obj
 0001:0002b0e0       _infantry_dead             2002c0e0 f   m_infantry.obj
 0001:0002b190       _infantry_die              2002c190 f   m_infantry.obj
 0001:0002b360       _infantry_duck_down        2002c360 f   m_infantry.obj
 0001:0002b3f0       _infantry_duck_hold        2002c3f0 f   m_infantry.obj
 0001:0002b450       _infantry_duck_up          2002c450 f   m_infantry.obj
 0001:0002b4b0       _infantry_dodge            2002c4b0 f   m_infantry.obj
 0001:0002b510       _infantry_cock_gun         2002c510 f   m_infantry.obj
 0001:0002b570       _infantry_fire             2002c570 f   m_infantry.obj
 0001:0002b5e0       _infantry_swing            2002c5e0 f   m_infantry.obj
 0001:0002b620       _infantry_smack            2002c620 f   m_infantry.obj
 0001:0002b6b0       _infantry_attack           2002c6b0 f   m_infantry.obj
 0001:0002b700       _SP_monster_infantry       2002c700 f   m_infantry.obj
 0001:0002b970       _insane_fist               2002c970 f   m_insane.obj
 0001:0002b9b0       _insane_shake              2002c9b0 f   m_insane.obj
 0001:0002b9f0       _insane_moan               2002c9f0 f   m_insane.obj
 0001:0002ba30       _insane_scream             2002ca30 f   m_insane.obj
 0001:0002ba80       _insane_cross              2002ca80 f   m_insane.obj
 0001:0002bad0       _insane_walk               2002cad0 f   m_insane.obj
 0001:0002bb70       _insane_run                2002cb70 f   m_insane.obj
 0001:0002bc10       _insane_pain               2002cc10 f   m_insane.obj
 0001:0002bd70       _insane_onground           2002cd70 f   m_insane.obj
 0001:0002bd90       _insane_checkdown          2002cd90 f   m_insane.obj
 0001:0002be20       _insane_checkup            2002ce20 f   m_insane.obj
 0001:0002be80       _insane_stand              2002ce80 f   m_insane.obj
 0001:0002bf30       _insane_dead               2002cf30 f   m_insane.obj
 0001:0002c000       _insane_die                2002d000 f   m_insane.obj
 0001:0002c1d0       _SP_misc_insane            2002d1d0 f   m_insane.obj
 0001:0002c500       _medic_FindDeadMonster     2002d500 f   m_medic.obj
 0001:0002c600       _medic_idle                2002d600 f   m_medic.obj
 0001:0002c6a0       _medic_search              2002d6a0 f   m_medic.obj
 0001:0002c750       _medic_sight               2002d750 f   m_medic.obj
 0001:0002c790       _medic_stand               2002d790 f   m_medic.obj
 0001:0002c7b0       _medic_walk                2002d7b0 f   m_medic.obj
 0001:0002c7d0       _medic_run                 2002d7d0 f   m_medic.obj
 0001:0002c890       _medic_pain                2002d890 f   m_medic.obj
 0001:0002c9a0       _medic_fire_blaster        2002d9a0 f   m_medic.obj
 0001:0002cae0       _medic_dead                2002dae0 f   m_medic.obj
 0001:0002cb90       _medic_die                 2002db90 f   m_medic.obj
 0001:0002cd00       _medic_duck_down           2002dd00 f   m_medic.obj
 0001:0002cd90       _medic_duck_hold           2002dd90 f   m_medic.obj
 0001:0002cdf0       _medic_duck_up             2002ddf0 f   m_medic.obj
 0001:0002ce50       _medic_dodge               2002de50 f   m_medic.obj
 0001:0002ceb0       _medic_continue            2002deb0 f   m_medic.obj
 0001:0002cf10       _medic_hook_launch         2002df10 f   m_medic.obj
 0001:0002cf50       _medic_cable_attack        2002df50 f   m_medic.obj
 0001:0002d400       _medic_hook_retract        2002e400 f   m_medic.obj
 0001:0002d460       _medic_attack              2002e460 f   m_medic.obj
 0001:0002d4a0       _medic_checkattack         2002e4a0 f   m_medic.obj
 0001:0002d4e0       _SP_monster_medic          2002e4e0 f   m_medic.obj
 0001:0002d760       _M_CheckBottom             2002e760 f   m_move.obj
 0001:0002da70       _SV_movestep               2002ea70 f   m_move.obj
 0001:0002e080       _M_ChangeYaw               2002f080 f   m_move.obj
 0001:0002e190       _SV_StepDirection          2002f190 f   m_move.obj
 0001:0002e2d0       _SV_FixCheckBottom         2002f2d0 f   m_move.obj
 0001:0002e300       _SV_NewChaseDir            2002f300 f   m_move.obj
 0001:0002e6f0       _SV_CloseEnough            2002f6f0 f   m_move.obj
 0001:0002e780       _M_MoveToGoal              2002f780 f   m_move.obj
 0001:0002e840       _M_walkmove                2002f840 f   m_move.obj
 0001:0002e8e0       _mutant_step               2002f8e0 f   m_mutant.obj
 0001:0002e990       _mutant_sight              2002f990 f   m_mutant.obj
 0001:0002e9d0       _mutant_search             2002f9d0 f   m_mutant.obj
 0001:0002ea10       _mutant_swing              2002fa10 f   m_mutant.obj
 0001:0002ea50       _mutant_stand              2002fa50 f   m_mutant.obj
 0001:0002ea70       _mutant_idle_loop          2002fa70 f   m_mutant.obj
 0001:0002eab0       _mutant_idle               2002fab0 f   m_mutant.obj
 0001:0002eb00       _mutant_walk_loop          2002fb00 f   m_mutant.obj
 0001:0002eb20       _mutant_walk               2002fb20 f   m_mutant.obj
 0001:0002eb40       _mutant_run                2002fb40 f   m_mutant.obj
 0001:0002eb80       _mutant_hit_left           2002fb80 f   m_mutant.obj
 0001:0002ec40       _mutant_hit_right          2002fc40 f   m_mutant.obj
 0001:0002ed00       _mutant_check_refire       2002fd00 f   m_mutant.obj
 0001:0002eda0       _mutant_melee              2002fda0 f   m_mutant.obj
 0001:0002edc0       _mutant_jump_touch         2002fdc0 f   m_mutant.obj
 0001:0002ef30       _mutant_jump_takeoff       2002ff30 f   m_mutant.obj
 0001:0002f020       _mutant_check_landing      20030020 f   m_mutant.obj
 0001:0002f0c0       _mutant_jump               200300c0 f   m_mutant.obj
 0001:0002f0e0       _mutant_check_melee        200300e0 f   m_mutant.obj
 0001:0002f120       _mutant_check_jump         20030120 f   m_mutant.obj
 0001:0002f250       _mutant_checkattack        20030250 f   m_mutant.obj
 0001:0002f2d0       _mutant_pain               200302d0 f   m_mutant.obj
 0001:0002f430       _mutant_dead               20030430 f   m_mutant.obj
 0001:0002f4e0       _mutant_die                200304e0 f   m_mutant.obj
 0001:0002f660       _SP_monster_mutant         20030660 f   m_mutant.obj
 0001:0002f910       _parasite_launch           20030910 f   m_parasite.obj
 0001:0002f950       _parasite_reel_in          20030950 f   m_parasite.obj
 0001:0002f990       _parasite_sight            20030990 f   m_parasite.obj
 0001:0002f9d0       _parasite_tap              200309d0 f   m_parasite.obj
 0001:0002fa10       _parasite_scratch          20030a10 f   m_parasite.obj
 0001:0002fa50       _parasite_search           20030a50 f   m_parasite.obj
 0001:0002fa90       _parasite_end_fidget       20030a90 f   m_parasite.obj
 0001:0002fab0       _parasite_do_fidget        20030ab0 f   m_parasite.obj
 0001:0002fad0       _parasite_refidget         20030ad0 f   m_parasite.obj
 0001:0002fb20       _parasite_idle             20030b20 f   m_parasite.obj
 0001:0002fb40       _parasite_stand            20030b40 f   m_parasite.obj
 0001:0002fb60       _parasite_start_run        20030b60 f   m_parasite.obj
 0001:0002fba0       _parasite_run              20030ba0 f   m_parasite.obj
 0001:0002fbe0       _parasite_start_walk       20030be0 f   m_parasite.obj
 0001:0002fc00       _parasite_walk             20030c00 f   m_parasite.obj
 0001:0002fc20       _parasite_pain             20030c20 f   m_parasite.obj
 0001:0002fd30       _parasite_drain_attack     20030d30 f   m_parasite.obj
 0001:000300d0       _parasite_attack           200310d0 f   m_parasite.obj
 0001:000300f0       _parasite_dead             200310f0 f   m_parasite.obj
 0001:000301a0       _parasite_die              200311a0 f   m_parasite.obj
 0001:000302e0       _SP_monster_parasite       200312e0 f   m_parasite.obj
 0001:00030530       _soldier_idle              20031530 f   m_soldier.obj
 0001:00030590       _soldier_cock              20031590 f   m_soldier.obj
 0001:00030600       _soldier_stand             20031600 f   m_soldier.obj
 0001:00030660       _soldier_walk1_random      20031660 f   m_soldier.obj
 0001:000306a0       _soldier_walk              200316a0 f   m_soldier.obj
 0001:000306f0       _soldier_run               200316f0 f   m_soldier.obj
 0001:00030770       _soldier_pain              20031770 f   m_soldier.obj
 0001:00030960       _soldier_fire              20031960 f   m_soldier.obj
 0001:00030cc0       _soldier_fire1             20031cc0 f   m_soldier.obj
 0001:00030ce0       _soldier_attack1_refire1   20031ce0 f   m_soldier.obj
 0001:00030d90       _soldier_attack1_refire2   20031d90 f   m_soldier.obj
 0001:00030e20       _soldier_fire2             20031e20 f   m_soldier.obj
 0001:00030e40       _soldier_attack2_refire1   20031e40 f   m_soldier.obj
 0001:00030ef0       _soldier_attack2_refire2   20031ef0 f   m_soldier.obj
 0001:00030f80       _soldier_duck_down         20031f80 f   m_soldier.obj
 0001:00031010       _soldier_duck_up           20032010 f   m_soldier.obj
 0001:00031070       _soldier_fire3             20032070 f   m_soldier.obj
 0001:000310a0       _soldier_attack3_refire    200320a0 f   m_soldier.obj
 0001:000310e0       _soldier_fire4             200320e0 f   m_soldier.obj
 0001:00031100       _soldier_fire8             20032100 f   m_soldier.obj
 0001:00031120       _soldier_attack6_refire    20032120 f   m_soldier.obj
 0001:00031190       _soldier_attack            20032190 f   m_soldier.obj
 0001:00031200       _soldier_sight             20032200 f   m_soldier.obj
 0001:000312f0       _soldier_duck_hold         200322f0 f   m_soldier.obj
 0001:00031350       _soldier_dodge             20032350 f   m_soldier.obj
 0001:00031490       _soldier_fire6             20032490 f   m_soldier.obj
 0001:000314b0       _soldier_fire7             200324b0 f   m_soldier.obj
 0001:000314d0       _soldier_dead              200324d0 f   m_soldier.obj
 0001:00031580       _soldier_die               20032580 f   m_soldier.obj
 0001:000317c0       _SP_monster_soldier_x      200327c0 f   m_soldier.obj
 0001:00031960       _SP_monster_soldier_light  20032960 f   m_soldier.obj
 0001:00031a20       _SP_monster_soldier        20032a20 f   m_soldier.obj
 0001:00031ac0       _SP_monster_soldier_ss     20032ac0 f   m_soldier.obj
 0001:00031b60       _TreadSound                20032b60 f   m_supertank.obj
 0001:00031ba0       _supertank_search          20032ba0 f   m_supertank.obj
 0001:00031c30       _supertank_stand           20032c30 f   m_supertank.obj
 0001:00031c50       _supertank_forward         20032c50 f   m_supertank.obj
 0001:00031c70       _supertank_walk            20032c70 f   m_supertank.obj
 0001:00031c90       _supertank_run             20032c90 f   m_supertank.obj
 0001:00031cd0       _supertank_reattack1       20032cd0 f   m_supertank.obj
 0001:00031d50       _supertank_pain            20032d50 f   m_supertank.obj
 0001:00031ee0       _supertankRocket           20032ee0 f   m_supertank.obj
 0001:00032000       _supertankMachineGun       20033000 f   m_supertank.obj
 0001:00032150       _supertank_attack          20033150 f   m_supertank.obj
 0001:00032220       _supertank_dead            20033220 f   m_supertank.obj
 0001:000322c0       _BossExplode               200332c0 f   m_supertank.obj
 0001:00032570       _supertank_die             20033570 f   m_supertank.obj
 0001:000325e0       _SP_monster_supertank      200335e0 f   m_supertank.obj
 0001:00032800       _tank_sight                20033800 f   m_tank.obj
 0001:00032840       _tank_footstep             20033840 f   m_tank.obj
 0001:00032880       _tank_thud                 20033880 f   m_tank.obj
 0001:000328c0       _tank_windup               200338c0 f   m_tank.obj
 0001:00032900       _tank_idle                 20033900 f   m_tank.obj
 0001:00032940       _tank_stand                20033940 f   m_tank.obj
 0001:00032960       _tank_walk                 20033960 f   m_tank.obj
 0001:00032980       _tank_run                  20033980 f   m_tank.obj
 0001:00032a40       _tank_pain                 20033a40 f   m_tank.obj
 0001:00032ba0       _TankBlaster               20033ba0 f   m_tank.obj
 0001:00032cb0       _TankStrike                20033cb0 f   m_tank.obj
 0001:00032cf0       _TankRocket                20033cf0 f   m_tank.obj
 0001:00032e20       _TankMachineGun            20033e20 f   m_tank.obj
 0001:00032fb0       _tank_reattack_blaster     20033fb0 f   m_tank.obj
 0001:00033040       _tank_poststrike           20034040 f   m_tank.obj
 0001:00033070       _tank_refire_rocket        20034070 f   m_tank.obj
 0001:00033100       _tank_doattack_rocket      20034100 f   m_tank.obj
 0001:00033120       _tank_attack               20034120 f   m_tank.obj
 0001:000332d0       _tank_dead                 200342d0 f   m_tank.obj
 0001:00033370       _tank_die                  20034370 f   m_tank.obj
 0001:000334d0       _SP_monster_tank           200344d0 f   m_tank.obj
 0001:000337c0       _SP_info_player_start      200347c0 f   p_client.obj
 0001:00033940       _SP_info_player_deathmatch 20034940 f   p_client.obj
 0001:00033980       _SP_info_player_coop       20034980 f   p_client.obj
 0001:00033c30       _SP_info_player_intermission 20034c30 f   p_client.obj
 0001:00033c40       _player_pain               20034c40 f   p_client.obj
 0001:00033c50       _IsFemale                  20034c50 f   p_client.obj
 0001:00033cb0       _IsNeutral                 20034cb0 f   p_client.obj
 0001:00033d20       _ClientObituary            20034d20 f   p_client.obj
 0001:000342a0       _TossClientWeapon          200352a0 f   p_client.obj
 0001:000344b0       _LookAtKiller              200354b0 f   p_client.obj
 0001:00034650       _player_die                20035650 f   p_client.obj
 0001:00034a10       _InitClientPersistant      20035a10 f   p_client.obj
 0001:00034b00       _InitClientResp            20035b00 f   p_client.obj
 0001:00034b50       _SaveClientData            20035b50 f   p_client.obj
 0001:00034c40       _FetchClientEntData        20035c40 f   p_client.obj
 0001:00034cd0       _PlayersRangeFromSpot      20035cd0 f   p_client.obj
 0001:00034db0       _SelectRandomDeathmatchSpawnPoint 20035db0 f   p_client.obj
 0001:00034ee0       _SelectFarthestDeathmatchSpawnPoint 20035ee0 f   p_client.obj
 0001:00034f80       _SelectDeathmatchSpawnPoint 20035f80 f   p_client.obj
 0001:00034fc0       _SelectCoopSpawnPoint      20035fc0 f   p_client.obj
 0001:00035070       _SelectSpawnPoint          20036070 f   p_client.obj
 0001:000351e0       _InitBodyQue               200361e0 f   p_client.obj
 0001:00035230       _body_die                  20036230 f   p_client.obj
 0001:000352e0       _CopyToBodyQue             200362e0 f   p_client.obj
 0001:00035500       _respawn                   20036500 f   p_client.obj
 0001:000355b0       _spectator_respawn         200365b0 f   p_client.obj
 0001:00035920       _PutClientInServer         20036920 f   p_client.obj
 0001:00036000       _ClientBeginDeathmatch     20037000 f   p_client.obj
 0001:000360d0       _ClientBegin               200370d0 f   p_client.obj
 0001:00036250       _ClientUserinfoChanged     20037250 f   p_client.obj
 0001:00036480       _ClientConnect             20037480 f   p_client.obj
 0001:00036760       _ClientDisconnect          20037760 f   p_client.obj
 0001:00036860       _PM_trace                  20037860 f   p_client.obj
 0001:00036900       _CheckBlock                20037900 f   p_client.obj
 0001:00036950       _PrintPmove                20037950 f   p_client.obj
 0001:000369b0       _ClientThink               200379b0 f   p_client.obj
 0001:000370e0       _ClientBeginServerFrame    200380e0 f   p_client.obj
 0001:00037280       _MoveClientToIntermission  20038280 f   p_hud.obj
 0001:00037490       _BeginIntermission         20038490 f   p_hud.obj
 0001:00037780       _DeathmatchScoreboardMessage 20038780 f   p_hud.obj
 0001:00037bd0       _DeathmatchScoreboard      20038bd0 f   p_hud.obj
 0001:00037c10       _Cmd_Score_f               20038c10 f   p_hud.obj
 0001:00037cb0       _HelpComputer              20038cb0 f   p_hud.obj
 0001:00037dd0       _Cmd_Help_f                20038dd0 f   p_hud.obj
 0001:00037e90       _G_SetStats                20038e90 f   p_hud.obj
 0001:000384e0       _G_CheckChaseStats         200394e0 f   p_hud.obj
 0001:00038590       _G_SetSpectatorStats       20039590 f   p_hud.obj
 0001:000386a0       _PlayerTrail_Init          200396a0 f   p_trail.obj
 0001:00038720       _PlayerTrail_Add           20039720 f   p_trail.obj
 0001:00038830       _PlayerTrail_New           20039830 f   p_trail.obj
 0001:00038860       _PlayerTrail_PickFirst     20039860 f   p_trail.obj
 0001:00038940       _PlayerTrail_PickNext      20039940 f   p_trail.obj
 0001:000389c0       _PlayerTrail_LastSpot      200399c0 f   p_trail.obj
 0001:000389f0       _SV_CalcRoll               200399f0 f   p_view.obj
 0001:00038ab0       _P_DamageFeedback          20039ab0 f   p_view.obj
 0001:00039060       _SV_CalcViewOffset         2003a060 f   p_view.obj
 0001:000394b0       _SV_CalcGunOffset          2003a4b0 f   p_view.obj
 0001:00039700       _SV_AddBlend               2003a700 f   p_view.obj
 0001:000397a0       _SV_CalcBlend              2003a7a0 f   p_view.obj
 0001:00039d40       _P_FallingDamage           2003ad40 f   p_view.obj
 0001:00039fd0       _P_WorldEffects            2003afd0 f   p_view.obj
 0001:0003a7f0       _G_SetClientEffects        2003b7f0 f   p_view.obj
 0001:0003a980       _G_SetClientEvent          2003b980 f   p_view.obj
 0001:0003a9f0       _G_SetClientSound          2003b9f0 f   p_view.obj
 0001:0003ab90       _G_SetClientFrame          2003bb90 f   p_view.obj
 0001:0003ade0       _ClientEndServerFrame      2003bde0 f   p_view.obj
 0001:0003b240       _PlayerNoise               2003c240 f   p_weapon.obj
 0001:0003b510       _Pickup_Weapon             2003c510 f   p_weapon.obj
 0001:0003b730       _ChangeWeapon              2003c730 f   p_weapon.obj
 0001:0003b960       _NoAmmoWeaponChange        2003c960 f   p_weapon.obj
 0001:0003bc40       _Think_Weapon              2003cc40 f   p_weapon.obj
 0001:0003bd10       _Use_Weapon                2003cd10 f   p_weapon.obj
 0001:0003be10       _Drop_Weapon               2003ce10 f   p_weapon.obj
 0001:0003bed0       _Weapon_Generic            2003ced0 f   p_weapon.obj
 0001:0003c390       _weapon_grenade_fire       2003d390 f   p_weapon.obj
 0001:0003c640       _Weapon_Grenade            2003d640 f   p_weapon.obj
 0001:0003ca30       _weapon_grenadelauncher_fire 2003da30 f   p_weapon.obj
 0001:0003cc10       _Weapon_GrenadeLauncher    2003dc10 f   p_weapon.obj
 0001:0003cc50       _Weapon_RocketLauncher_Fire 2003dc50 f   p_weapon.obj
 0001:0003ce60       _Weapon_RocketLauncher     2003de60 f   p_weapon.obj
 0001:0003cea0       _Blaster_Fire              2003dea0 f   p_weapon.obj
 0001:0003d040       _Weapon_Blaster_Fire       2003e040 f   p_weapon.obj
 0001:0003d0b0       _Weapon_Blaster            2003e0b0 f   p_weapon.obj
 0001:0003d0f0       _Weapon_HyperBlaster_Fire  2003e0f0 f   p_weapon.obj
 0001:0003d3e0       _Weapon_HyperBlaster       2003e3e0 f   p_weapon.obj
 0001:0003d420       _Machinegun_Fire           2003e420 f   p_weapon.obj
 0001:0003d8e0       _Weapon_Machinegun         2003e8e0 f   p_weapon.obj
 0001:0003d920       _Chaingun_Fire             2003e920 f   p_weapon.obj
 0001:0003deb0       _Weapon_Chaingun           2003eeb0 f   p_weapon.obj
 0001:0003def0       _weapon_shotgun_fire       2003eef0 f   p_weapon.obj
 0001:0003e130       _Weapon_Shotgun            2003f130 f   p_weapon.obj
 0001:0003e170       _weapon_supershotgun_fire  2003f170 f   p_weapon.obj
 0001:0003e3f0       _Weapon_SuperShotgun       2003f3f0 f   p_weapon.obj
 0001:0003e430       _weapon_railgun_fire       2003f430 f   p_weapon.obj
 0001:0003e620       _Weapon_Railgun            2003f620 f   p_weapon.obj
 0001:0003e660       _weapon_bfg_fire           2003f660 f   p_weapon.obj
 0001:0003e900       _Weapon_BFG                2003f900 f   p_weapon.obj
 0001:0003e940       _RotatePointAroundVector   2003f940 f   q_shared.obj
 0001:0003eb90       _AngleVectors              2003fb90 f   q_shared.obj
 0001:0003ed80       _ProjectPointOnPlane       2003fd80 f   q_shared.obj
 0001:0003ee60       _PerpendicularVector       2003fe60 f   q_shared.obj
 0001:0003ef30       _R_ConcatRotations         2003ff30 f   q_shared.obj
 0001:0003f0e0       _R_ConcatTransforms        200400e0 f   q_shared.obj
 0001:0003f330       _Q_fabs                    20040330 f   q_shared.obj
 0001:0003f360       _Q_ftol                    20040360 f   q_shared.obj
 0001:0003f370       _LerpAngle                 20040370 f   q_shared.obj
 0001:0003f3d0       _anglemod                  200403d0 f   q_shared.obj
 0001:0003f410       _BoxOnPlaneSide2           20040410 f   q_shared.obj
 0001:0003f530       _BoxOnPlaneSide            20040530 f   q_shared.obj
 0001:0003f7b0       _ClearBounds               200407b0 f   q_shared.obj
 0001:0003f810       _AddPointToBounds          20040810 f   q_shared.obj
 0001:0003f890       _VectorCompare             20040890 f   q_shared.obj
 0001:0003f8f0       _VectorNormalize           200408f0 f   q_shared.obj
 0001:0003f990       _VectorNormalize2          20040990 f   q_shared.obj
 0001:0003fa30       _VectorMA                  20040a30 f   q_shared.obj
 0001:0003fa80       __DotProduct               20040a80 f   q_shared.obj
 0001:0003fac0       __VectorSubtract           20040ac0 f   q_shared.obj
 0001:0003fb10       __VectorAdd                20040b10 f   q_shared.obj
 0001:0003fb60       __VectorCopy               20040b60 f   q_shared.obj
 0001:0003fba0       _CrossProduct              20040ba0 f   q_shared.obj
 0001:0003fc10       _VectorLength              20040c10 f   q_shared.obj
 0001:0003fc70       _VectorInverse             20040c70 f   q_shared.obj
 0001:0003fcb0       _VectorScale               20040cb0 f   q_shared.obj
 0001:0003fcf0       _Q_log2                    20040cf0 f   q_shared.obj
 0001:0003fd20       _COM_SkipPath              20040d20 f   q_shared.obj
 0001:0003fd70       _COM_StripExtension        20040d70 f   q_shared.obj
 0001:0003fdc0       _COM_FileExtension         20040dc0 f   q_shared.obj
 0001:0003fe60       _COM_FileBase              20040e60 f   q_shared.obj
 0001:0003ff10       _COM_FilePath              20040f10 f   q_shared.obj
 0001:0003ff80       _COM_DefaultExtension      20040f80 f   q_shared.obj
 0001:0003fff0       _BigShort                  20040ff0 f   q_shared.obj
 0001:00040010       _LittleShort               20041010 f   q_shared.obj
 0001:00040030       _BigLong                   20041030 f   q_shared.obj
 0001:00040050       _LittleLong                20041050 f   q_shared.obj
 0001:00040070       _BigFloat                  20041070 f   q_shared.obj
 0001:00040090       _LittleFloat               20041090 f   q_shared.obj
 0001:000400b0       _ShortSwap                 200410b0 f   q_shared.obj
 0001:000400f0       _ShortNoSwap               200410f0 f   q_shared.obj
 0001:00040110       _LongSwap                  20041110 f   q_shared.obj
 0001:00040180       _LongNoSwap                20041180 f   q_shared.obj
 0001:000401a0       _FloatSwap                 200411a0 f   q_shared.obj
 0001:000401e0       _FloatNoSwap               200411e0 f   q_shared.obj
 0001:00040200       _Swap_Init                 20041200 f   q_shared.obj
 0001:000402b0       _va                        200412b0 f   q_shared.obj
 0001:000402f0       _COM_Parse                 200412f0 f   q_shared.obj
 0001:00040470       _Com_PageInMemory          20041470 f   q_shared.obj
 0001:000404c0       _Q_stricmp                 200414c0 f   q_shared.obj
 0001:000404e0       _Q_strncasecmp             200414e0 f   q_shared.obj
 0001:00040570       _Q_strcasecmp              20041570 f   q_shared.obj
 0001:000405a0       _Com_sprintf               200415a0 f   q_shared.obj
 0001:00040630       _Info_ValueForKey          20041630 f   q_shared.obj
 0001:000407a0       _Info_RemoveKey            200417a0 f   q_shared.obj
 0001:00040900       _Info_Validate             20041900 f   q_shared.obj
 0001:00040950       _Info_SetValueForKey       20041950 f   q_shared.obj
 0001:00040b60       __fpmath                   20041b60 f   LIBCMTD:_fpinit_.obj
 0001:00040b80       __cfltcvt_init             20041b80 f   LIBCMTD:_fpinit_.obj
 0001:00040bf0       ___setfflag                20041bf0 f   LIBCMTD:_fpinit_.obj
 0001:00040c10       _srand                     20041c10 f   LIBCMTD:rand.obj
 0001:00040c30       _rand                      20041c30 f   LIBCMTD:rand.obj
 0001:00040c70       @__security_check_cookie@4 20041c70 f   LIBCMTD:secchk.obj
 0001:00040c80       __ftol2_sse                20041c80 f   LIBCMTD:ftol2.obj
 0001:00040c89       __ftol2_pentium4           20041c89 f   LIBCMTD:ftol2.obj
 0001:00040c9c       __ftol2_sse_excpt          20041c9c f   LIBCMTD:ftol2.obj
 0001:00040cb6       __ftol2                    20041cb6 f   LIBCMTD:ftol2.obj
 0001:00040d30       _strcmp                    20041d30 f   LIBCMTD:strcmp.obj
 0001:00040dd0       _strchr                    20041dd0 f   LIBCMTD:strchr.obj
 0001:00040dd6       ___from_strstr_to_strchr   20041dd6     LIBCMTD:strchr.obj
 0001:00040e90       _strcpy                    20041e90 f   LIBCMTD:strcat.obj
 0001:00040ea0       _strcat                    20041ea0 f   LIBCMTD:strcat.obj
 0001:00040f90       _atol                      20041f90 f   LIBCMTD:atox.obj
 0001:00040fb0       __atol_l                   20041fb0 f   LIBCMTD:atox.obj
 0001:00040fd0       _atoi                      20041fd0 f   LIBCMTD:atox.obj
 0001:00040ff0       __atoi_l                   20041ff0 f   LIBCMTD:atox.obj
 0001:00041010       __atoi64                   20042010 f   LIBCMTD:atox.obj
 0001:00041030       __atoi64_l                 20042030 f   LIBCMTD:atox.obj
 0001:00041050       _strlen                    20042050 f   LIBCMTD:strlen.obj
 0001:000410e0       _qsort                     200420e0 f   LIBCMTD:qsort.obj
 0001:00041690       _sprintf                   20042690 f   LIBCMTD:sprintf.obj
 0001:00041830       __sprintf_l                20042830 f   LIBCMTD:sprintf.obj
 0001:00041860       _sprintf_s                 20042860 f   LIBCMTD:sprintf.obj
 0001:00041890       __sprintf_s_l              20042890 f   LIBCMTD:sprintf.obj
 0001:000418c0       __snprintf_s               200428c0 f   LIBCMTD:sprintf.obj
 0001:000418f0       __snprintf_s_l             200428f0 f   LIBCMTD:sprintf.obj
 0001:00041920       __sprintf_p                20042920 f   LIBCMTD:sprintf.obj
 0001:00041950       __sprintf_p_l              20042950 f   LIBCMTD:sprintf.obj
 0001:00041980       __scprintf                 20042980 f   LIBCMTD:sprintf.obj
 0001:000419a0       __scprintf_p               200429a0 f   LIBCMTD:sprintf.obj
 0001:000419c0       __scprintf_l               200429c0 f   LIBCMTD:sprintf.obj
 0001:000419f0       __scprintf_p_l             200429f0 f   LIBCMTD:sprintf.obj
 0001:00041a20       _ceil                      20042a20 f   LIBCMTD:_ceil_pentium4_.obj
 0001:00041a60       __ceil_pentium4            20042a60 f   LIBCMTD:_ceil_pentium4_.obj
 0001:00041b40       _floor                     20042b40 f   LIBCMTD:_floor_pentium4_.obj
 0001:00041b80       __floor_pentium4           20042b80 f   LIBCMTD:_floor_pentium4_.obj
 0001:00041c70       __CIsqrt                   20042c70 f   LIBCMTD:_sqrt_.obj
 0001:00041c84       _sqrt                      20042c84     LIBCMTD:_sqrt_.obj
 0001:00041d30       _fabs                      20042d30 f   LIBCMTD:_fabs_.obj
 0001:00041e30       _memcpy                    20042e30 f   LIBCMTD:memcpy.obj
 0001:000421a0       __vsprintf_l               200431a0 f   LIBCMTD:vsprintf.obj
[...]
 0003:000142b4       _bigendien                 200be2b4     <common>
 0003:000142c0       _corners                   200be2c0     <common>
 0003:000142d8       _bobfracsin                200be2d8     <common>
 0003:000142dc       _xyspeed                   200be2dc     <common>
 0003:000142e0       _bobmove                   200be2e0     <common>
 0003:000142e4       _bobcycle                  200be2e4     <common>
 0003:000142e8       _trail_head                200be2e8     <common>
 0003:00014300       _trail                     200be300     <common>
 0003:00014320       _pm_passent                200be320     <common>
 0003:00014324       _c_yes                     200be324     <common>
 0003:00014328       _c_no                      200be328     <common>
 0003:0001432c       _numipfilters              200be32c     <common>
 0003:00014340       _ipfilters                 200be340     <common>
 0003:00016340       _mmove_reloc               200c0340     <common>
 0003:00016350       _obstacle                  200c0350     <common>
 0003:00016360       _pushed                    200c0360     <common>
 0003:0001e360       _pushed_p                  200c8360     <common>
 0003:0001e364       _dedicated                 200c8364     <common>
 0003:0001e368       _sv_rollangle              200c8368     <common>
 0003:0001e36c       _bob_roll                  200c836c     <common>
 0003:0001e370       _run_roll                  200c8370     <common>
 0003:0001e374       _bob_pitch                 200c8374     <common>
 0003:0001e378       _fraglimit                 200c8378     <common>
 0003:0001e37c       _maxspectators             200c837c     <common>
 0003:0001e380       _snd_fry                   200c8380     <common>
 0003:0001e3a0       _game                      200c83a0     <common>
 0003:0001e9bc       _spectator_password        200c89bc     <common>
 0003:0001e9c0       _flood_persecond           200c89c0     <common>
 0003:0001e9c4       _sm_meat_index             200c89c4     <common>
 0003:0001e9c8       _bob_up                    200c89c8     <common>
 0003:0001e9cc       _flood_msgs                200c89cc     <common>
 0003:0001e9d0       _gun_y                     200c89d0     <common>
 0003:0001e9d4       _sv_cheats                 200c89d4     <common>
 0003:0001e9d8       _sv_maxvelocity            200c89d8     <common>
 0003:0001e9dc       _g_edicts                  200c89dc     <common>
 0003:0001e9e0       _needpass                  200c89e0     <common>
 0003:0001e9e4       _gun_z                     200c89e4     <common>
 0003:0001e9e8       _sv_gravity                200c89e8     <common>
 0003:0001e9ec       _sv_rollspeed              200c89ec     <common>
 0003:0001e9f0       _deathmatch                200c89f0     <common>
 0003:0001e9f4       _maxclients                200c89f4     <common>
 0003:0001e9f8       _coop                      200c89f8     <common>
 0003:0001ea00       _st                        200c8a00     <common>
 0003:0001ea44       _run_pitch                 200c8a44     <common>
 0003:0001ea48       _timelimit                 200c8a48     <common>
 0003:0001ea4c       _sv_maplist                200c8a4c     <common>
 0003:0001ea50       _dmflags                   200c8a50     <common>
 0003:0001ea54       _password                  200c8a54     <common>
 0003:0001ea58       _filterban                 200c8a58     <common>
 0003:0001ea5c       _skill                     200c8a5c     <common>
 0003:0001ea60       _meansOfDeath              200c8a60     <common>
 0003:0001ea64       _g_select_empty            200c8a64     <common>
 0003:0001ea68       _flood_waitdelay           200c8a68     <common>
 0003:0001ea80       _globals                   200c8a80     <common>
 0003:0001ead0       _maxentities               200c8ad0     <common>
 0003:0001eae0       _gi                        200c8ae0     <common>
 0003:0001eba0       _level                     200c8ba0     <common>
 0003:0001ecd0       _gun_x                     200c8cd0     <common>
 0003:0001ecd4       _enemy_infront             200c8cd4     <common>
 0003:0001ecd8       _enemy_range               200c8cd8     <common>
 0003:0001ecdc       _enemy_yaw                 200c8cdc     <common>
 0003:0001ece0       _enemy_vis                 200c8ce0     <common>
 0003:0001ece4       __pfnReportHook            200c8ce4     <common>
 0003:0001ece8       __pReportHookListW         200c8ce8     <common>
 0003:0001ecec       __pReportHookList          200c8cec     <common>
 0003:0001ecf0       __debugger_hook_dummy      200c8cf0     <common>
 0003:0001ecf4       ___env_initialized         200c8cf4     <common>
 0003:0001ecf8       ___onexitend               200c8cf8     <common>
 0003:0001ecfc       ___onexitbegin             200c8cfc     <common>
 0003:0001ed00       ___mbctype_initialized     200c8d00     <common>
 0003:0001ed04       ___dyn_tls_init_callback   200c8d04     <common>
 0003:0001ed08       ___setlc_active            200c8d08     <common>
 0003:0001ed0c       ___unguarded_readlc_active 200c8d0c     <common>
 0003:0001ed10       __nhandle                  200c8d10     <common>
 0003:0001ed20       ___pioinfo                 200c8d20     <common>
 0003:0001ee20       ___piob                    200c8e20     <common>
 0003:0001ee40       __bufin                    200c8e40     <common>
 0003:0001fe40       __nstream                  200c9e40     <common>
 0003:0001fe44       ___use_sse2_mathfcns       200c9e44     <common>
 0003:0001fe48       __pmatherr                 200c9e48     <common>
 0003:0001fe4c       ___sse2_available          200c9e4c     <common>
 0003:0001fe50       __acmdln                   200c9e50     <common>

 entry point at        0001:00045e40

 Static symbols

 0001:00005590       _CheckPowerArmor           20006590 f   g_combat.obj
 0001:000057d0       _CheckArmor                200067d0 f   g_combat.obj
 0001:0000cb00       _drop_temp_touch           2000db00 f   g_items.obj
 0001:0000cb40       _drop_make_touchable       2000db40 f   g_items.obj
 0001:0000f6a0       _light_use                 200106a0 f   g_misc.obj
 0001:00012a90       _localtime                 20013a90 f   g_misc.obj
 0001:00012ab0       _time                      20013ab0 f   g_misc.obj
 0001:00012ad0       _func_clock_reset          20013ad0 f   g_misc.obj
 0001:00012b50       _func_clock_format_countdown 20013b50 f   g_misc.obj
 0001:000136d0       _M_FliesOn                 200146d0 f   g_monster.obj
 0001:00013740       _M_FliesOff                20014740 f   g_monster.obj
 0001:000190a0       _StringToFilter            2001a0a0 f   g_svcmds.obj
 0001:0001e860       _fire_lead                 2001f860 f   g_weapon.obj
 0001:0001f2f0       _check_dodge               200202f0 f   g_weapon.obj
 0001:0001f6c0       _Grenade_Explode           200206c0 f   g_weapon.obj
 0001:0001f9c0       _Grenade_Touch             200209c0 f   g_weapon.obj
 0001:00030010       _parasite_drain_attack_ok  20031010 f   m_parasite.obj
 0001:00033820       _SP_CreateCoopSpots        20034820 f   p_client.obj
 0001:00033b30       _SP_FixCoopSpots           20034b30 f   p_client.obj
 0001:0003c5b0       _P_ProjectSource           2003d5b0 f   p_weapon.obj
 0001:000415d0       _shortsort                 200425d0 f   LIBCMTD:qsort.obj
 0001:00041640       _swap                      20042640 f   LIBCMTD:qsort.obj
 0001:00044150       _vscan_fn                  20045150 f   LIBCMTD:sscanf.obj
 0001:00045030       _cmpBYTE                   20046030 f   LIBCMTD:memcmp.obj
 0001:00045060       _cmpResult                 20046060 f   LIBCMTD:memcmp.obj
 0001:00045080       _unaligned_memcmp          20046080 f   LIBCMTD:memcmp.obj
 0001:00045790       _cmpWORD                   20046790 f   LIBCMTD:memcmp.obj
 0001:00045810       _cmpDWORD                  20046810 f   LIBCMTD:memcmp.obj
 0001:00045e70       ___DllMainCRTStartup       20046e70 f   LIBCMTD:dllcrt0.obj
 0001:000464f0       __cftoe2_l                 200474f0 f   LIBCMTD:cvt.obj
 0001:00047290       __cftof2_l                 20048290 f   LIBCMTD:cvt.obj
 0001:00047870       __shift                    20048870 f   LIBCMTD:cvt.obj
 0001:00048250       ?strtoxl@@YAKPAUlocaleinfo_struct@@PBDPAPBDHH@Z 20049250 f   LIBCMTD:strtol.obj
 0001:00048830       ?strtoxq@@YA_KPAUlocaleinfo_struct@@PBDPAPBDHH@Z 20049830 f   LIBCMTD:strtoq.obj
 0001:0004b0d0       _write_char                2004c0d0 f   LIBCMTD:output.obj
 0001:0004b180       _write_multi_char          2004c180 f   LIBCMTD:output.obj
 0001:0004b1c0       _write_string              2004c1c0 f   LIBCMTD:output.obj
 0001:0004dac0       __get_fname                2004eac0 f   LIBCMTD:_fpexcept_.obj
 0001:00051f10       _write_char                20052f10 f   LIBCMTD:outputp.obj
 0001:00051fc0       _write_multi_char          20052fc0 f   LIBCMTD:outputp.obj
 0001:00052000       _write_string              20053000 f   LIBCMTD:outputp.obj
 0001:00052180       __nh_malloc_dbg_impl       20053180 f   LIBCMTD:dbgheap.obj
 0001:00052220       __heap_alloc_dbg_impl      20053220 f   LIBCMTD:dbgheap.obj
 0001:000527f0       _realloc_help              200537f0 f   LIBCMTD:dbgheap.obj
 0001:000538b0       _CheckBytes                200548b0 f   LIBCMTD:dbgheap.obj
 0001:00054670       ?_CrtMemDumpAllObjectsSince_stat@@YAXPBU_CrtMemState@@PAUlocaleinfo_struct@@@Z 20055670 f   LIBCMTD:dbgheap.obj
 0001:00054980       __printMemBlockData        20055980 f   LIBCMTD:dbgheap.obj
 0001:00055720       __tzset_nolock             20056720 f   LIBCMTD:tzset.obj
 0001:00055d30       __isindst_nolock           20056d30 f   LIBCMTD:tzset.obj
 0001:00056090       _cvtdate                   20057090 f   LIBCMTD:tzset.obj
 0001:00057520       _ValidateLocalCookies      20058520 f   LIBCMTD:chandler4.obj
 0001:00058550       _flsall                    20059550 f   LIBCMTD:fflush.obj
 0001:0005aba0       __unwind_handler4          2005bba0 f   LIBCMTD:exsup4.obj
 0001:0005b360       ?getSystemCP@@YAHH@Z       2005c360 f   LIBCMTD:mbctype.obj
 0001:0005b7c0       ?CPtoLCID@@YAHH@Z          2005c7c0 f   LIBCMTD:mbctype.obj
 0001:0005b840       ?setSBCS@@YAXPAUthreadmbcinfostruct@@@Z 2005c840 f   LIBCMTD:mbctype.obj
 0001:0005b920       ?setSBUpLow@@YAXPAUthreadmbcinfostruct@@@Z 2005c920 f   LIBCMTD:mbctype.obj
 0001:0005ec20       ___check_float_string      2005fc20 f   LIBCMTD:input.obj
 0001:0005ed40       __hextodec                 2005fd40 f   LIBCMTD:input.obj
 0001:0005ed80       __inc                      2005fd80 f   LIBCMTD:input.obj
 0001:0005ede0       __un_inc                   2005fde0 f   LIBCMTD:input.obj
 0001:0005ee00       __whiteout                 2005fe00 f   LIBCMTD:input.obj
 0001:00060980       ___check_float_string      20061980 f   LIBCMTD:inputs.obj
 0001:00060a80       __hextodec                 20061a80 f   LIBCMTD:inputs.obj
 0001:00060ac0       __inc                      20061ac0 f   LIBCMTD:inputs.obj
 0001:00060b20       __un_inc                   20061b20 f   LIBCMTD:inputs.obj
 0001:00060b40       __whiteout                 20061b40 f   LIBCMTD:inputs.obj
 0001:00062650       __copytlocinfo_nolock      20063650 f   LIBCMTD:setlocal.obj
 0001:00062a50       _sync_legacy_variables_lk  20063a50 f   LIBCMTD:setlocal.obj
 0001:00062a90       __setlocale_nolock         20063a90 f   LIBCMTD:setlocal.obj
 0001:00062e80       __setlocale_set_cat        20063e80 f   LIBCMTD:setlocal.obj
 0001:000633b0       __setlocale_get_all        200643b0 f   LIBCMTD:setlocal.obj
 0001:00063f20       _doexit                    20064f20 f   LIBCMTD:crt0dat.obj
 0001:00064210       __initterm                 20065210 f   LIBCMTD:crt0dat.obj
 0001:00064730       _parse_cmdline             20065730 f   LIBCMTD:stdargv.obj
 0001:00064fa0       _xcptlookup                20065fa0 f   LIBCMTD:winxfltr.obj
 0001:00066f90       ?CatchGuardHandler@@YA?AW4_EXCEPTION_DISPOSITION@@PAUEHExceptionRecord@@PAUCatchGuardRN@@PAX2@Z 20067f90 f   LIBCMTD:_trnsctrl_.obj
 0001:000670d0       ?TranslatorGuardHandler@@YA?AW4_EXCEPTION_DISPOSITION@@PAUEHExceptionRecord@@PAUTranslatorGuardRN@@PAX2@Z 200680d0 f   LIBCMTD:_trnsctrl_.obj
 0001:00068b40       _ctrlevent_capture@4       20069b40 f   LIBCMTD:winsig.obj
 0001:00068f40       _siglookup                 20069f40 f   LIBCMTD:winsig.obj
 0001:0006bcf0       _write_char                2006ccf0 f   LIBCMTD:outputs.obj
 0001:0006bda0       _write_multi_char          2006cda0 f   LIBCMTD:outputs.obj
 0001:0006bde0       _write_string              2006cde0 f   LIBCMTD:outputs.obj
 0001:0006cb00       __is_LFH_enabled           2006db00 f   LIBCMTD:expand.obj
 0001:0006d3d0       __getenv_s_helper          2006e3d0 f   LIBCMTD:getenv.obj
 0001:0006d640       __dupenv_s_helper          2006e640 f   LIBCMTD:getenv.obj
 0001:0006f490       __tsopen_nolock            20070490 f   LIBCMTD:open.obj
 0001:00070d30       __unwind_handler           20071d30 f   LIBCMTD:exsup.obj
 0001:00071600       ?__crtGetStringTypeA_stat@@YAHPAUlocaleinfo_struct@@KPBDHPAGHHH@Z 20072600 f   LIBCMTD:a_str.obj
 0001:00071810       ?__crtLCMapStringA_stat@@YAHPAUlocaleinfo_struct@@KKPBDHPADHHH@Z 20072810 f   LIBCMTD:a_map.obj
 0001:00071aa0       ?strncnt@@YAHPBDH@Z        20072aa0 f   LIBCMTD:a_map.obj
 0001:00071be0       __get_lc_time              20072be0 f   LIBCMTD:inittime.obj
 0001:000731c0       _fix_grouping              200741c0 f   LIBCMTD:initnum.obj
 0001:00073860       _fix_grouping              20074860 f   LIBCMTD:initmon.obj
 0001:00074790       _TranslateName             20075790 f   LIBCMTD:getqloc.obj
 0001:00074820       _GetLcidFromLangCountry    20075820 f   LIBCMTD:getqloc.obj
 0001:000748e0       _LangCountryEnumProc@4     200758e0 f   LIBCMTD:getqloc.obj
 0001:00074d20       _GetLcidFromLanguage       20075d20 f   LIBCMTD:getqloc.obj
 0001:00074da0       _LanguageEnumProc@4        20075da0 f   LIBCMTD:getqloc.obj
 0001:00074f40       _GetLcidFromCountry        20075f40 f   LIBCMTD:getqloc.obj
 0001:00074f90       _CountryEnumProc@4         20075f90 f   LIBCMTD:getqloc.obj
 0001:00075090       _GetLcidFromDefault        20076090 f   LIBCMTD:getqloc.obj
 0001:000750d0       _ProcessCodePage           200760d0 f   LIBCMTD:getqloc.obj
 0001:00075180       _TestDefaultCountry        20076180 f   LIBCMTD:getqloc.obj
 0001:000751d0       _TestDefaultLanguage       200761d0 f   LIBCMTD:getqloc.obj
 0001:00075250       _LcidFromHexString         20076250 f   LIBCMTD:getqloc.obj
 0001:000752d0       _GetPrimaryLen             200762d0 f   LIBCMTD:getqloc.obj
 0001:000753c0       __onexit_nolock            200763c0 f   LIBCMTD:onexit.obj
 0001:00076300       ?x_ismbbtype_l@@YAHPAUlocaleinfo_struct@@IHH@Z 20077300 f   LIBCMTD:ismbbyte.obj
 0001:00076720       __abstract_cw              20077720 f   LIBCMTD:_ieee87_.obj
 0001:00076870       __hw_cw                    20077870 f   LIBCMTD:_ieee87_.obj
 0001:000769d0       __abstract_sw              200779d0 f   LIBCMTD:_ieee87_.obj
 0001:00076a60       ___statusfp_sse2           20077a60 f   LIBCMTD:_ieee87_.obj
 0001:00076a80       ___clearfp_sse2            20077a80 f   LIBCMTD:_ieee87_.obj
 0001:00076ab0       ___control87_sse2          20077ab0 f   LIBCMTD:_ieee87_.obj
 0001:00076b30       ___abstract_cw_sse2        20077b30 f   LIBCMTD:_ieee87_.obj
 0001:00076c80       ___hw_cw_sse2              20077c80 f   LIBCMTD:_ieee87_.obj
 0001:00076dd0       ___abstract_sw_sse2        20077dd0 f   LIBCMTD:_ieee87_.obj
 0001:00076e60       ___fpreset_sse2            20077e60 f   LIBCMTD:_ieee87_.obj
 0001:00077590       ?FindHandler@@YAXPAUEHExceptionRecord@@PAUEHRegistrationNode@@PAU_CONTEXT@@PAXPBU_s_FuncInfo@@EH1@Z 20078590 f   LIBCMTD:frame.obj
 0001:00077ae0       ?FindHandlerForForeignException@@YAXPAUEHExceptionRecord@@PAUEHRegistrationNode@@PAU_CONTEXT@@PAXPBU_s_FuncInfo@@HH1@Z 20078ae0 f   LIBCMTD:frame.obj
 0001:00077f20       ?CatchIt@@YAXPAUEHExceptionRecord@@PAUEHRegistrationNode@@PAU_CONTEXT@@PAXPBU_s_FuncInfo@@PBU_s_HandlerType@@PBU_s_CatchableType@@PBU_s_TryBlockMapEntry@@H1E@Z 20078f20 f   LIBCMTD:frame.obj
 0001:00077fe0       ?CallCatchBlock@@YAPAXPAUEHExceptionRecord@@PAUEHRegistrationNode@@PAU_CONTEXT@@PBU_s_FuncInfo@@PAXHK@Z 20078fe0 f   LIBCMTD:frame.obj
 0001:00078270       ?ExFilterRethrow@@YAHPAU_EXCEPTION_POINTERS@@@Z 20079270 f   LIBCMTD:frame.obj
 0001:00078ee0       ?IsInExceptionSpec@@YAEPAUEHExceptionRecord@@PBU_s_ESTypeList@@@Z 20079ee0 f   LIBCMTD:frame.obj
 0001:00078fa0       ?CallUnexpected@@YAXPBU_s_ESTypeList@@@Z 20079fa0 f   LIBCMTD:frame.obj
 0001:00078fee       __catch$?CallUnexpected@@YAXPBU_s_ESTypeList@@@Z$0 20079fee f   LIBCMTD:frame.obj
 0001:00079030       ?Is_bad_exception_allowed@@YAEPBU_s_ESTypeList@@@Z 2007a030 f   LIBCMTD:frame.obj
 0001:00079980       _xtoa_s@20                 2007a980 f   LIBCMTD:xtoas.obj
 0001:00079da0       @x64toa_s@24               2007ada0 f   LIBCMTD:xtoas.obj
 0001:0007a650       ?wcsncnt@@YAIPB_WI@Z       2007b650 f   LIBCMTD:wcstombs.obj
 0001:0007b8c0       _xtow_s@20                 2007c8c0 f   LIBCMTD:xtows.obj
 0001:0007bcf0       @x64tow_s@24               2007ccf0 f   LIBCMTD:xtows.obj
 0001:0007d190       _write_char                2007e190 f   LIBCMTD:woutput.obj
 0001:0007d1f0       _write_multi_char          2007e1f0 f   LIBCMTD:woutput.obj
 0001:0007d230       _write_string              2007e230 f   LIBCMTD:woutput.obj
 0001:0007f770       ?__crtGetLocaleInfoA_stat@@YAHPAUlocaleinfo_struct@@KKPADH@Z 20080770 f   LIBCMTD:a_loc.obj
 0001:00081280       _write_char                20082280 f   LIBCMTD:woutputs.obj
 0001:000812e0       _write_multi_char          200822e0 f   LIBCMTD:woutputs.obj
 0001:00081320       _write_string              20082320 f   LIBCMTD:woutputs.obj
 0001:00084c80       _write_char                20085c80 f   LIBCMTD:woutputp.obj
 0001:00084ce0       _write_multi_char          20085ce0 f   LIBCMTD:woutputp.obj
 0001:00084d20       _write_string              20085d20 f   LIBCMTD:woutputp.obj
 0001:00085240       ?__crtCompareStringA_stat@@YAHPAUlocaleinfo_struct@@KKPBDH1HH@Z 20086240 f   LIBCMTD:a_cmp.obj
 0001:000855d0       ?strncnt@@YAHPBDH@Z        200865d0 f   LIBCMTD:a_cmp.obj
 0001:00085d90       _findenv                   20086d90 f   LIBCMTD:setenv.obj
 0001:00085e10       _copy_environ              20086e10 f   LIBCMTD:setenv.obj
 0001:00086650       ?wcstoxl@@YAKPB_WPAPB_WHH@Z 20087650 f   LIBCMTD:wcstol.obj
 0001:00090630       ?und_strlen@@YAIPBD@Z      20091630 f   LIBCMTD:undname.obj
 0001:00090670       ?und_memcpy@@YAXPADPBDI@Z  20091670 f   LIBCMTD:undname.obj
 0001:000906b0       ?und_strncmp@@YAIPBD0I@Z   200916b0 f   LIBCMTD:undname.obj
 0001:00090d90       __unwindfunclet$?strtoxl@@YAKPAUlocaleinfo_struct@@PBDPAPBDHH@Z$0 20091d90 f   LIBCMTD:strtol.obj
 0001:00090d98       __ehhandler$?strtoxl@@YAKPAUlocaleinfo_struct@@PBDPAPBDHH@Z 20091d98 f   LIBCMTD:strtol.obj
 0001:00090dc0       __unwindfunclet$?strtoxq@@YA_KPAUlocaleinfo_struct@@PBDPAPBDHH@Z$0 20091dc0 f   LIBCMTD:strtoq.obj
 0001:00090dc8       __ehhandler$?strtoxq@@YA_KPAUlocaleinfo_struct@@PBDPAPBDHH@Z 20091dc8 f   LIBCMTD:strtoq.obj
 0001:00090df0       __unwindfunclet$?getSystemCP@@YAHH@Z$0 20091df0 f   LIBCMTD:mbctype.obj
 0001:00090df8       __ehhandler$?getSystemCP@@YAHH@Z 20091df8 f   LIBCMTD:mbctype.obj
 0001:00090e20       __unwindfunclet$?x_ismbbtype_l@@YAHPAUlocaleinfo_struct@@IHH@Z$0 20091e20 f   LIBCMTD:ismbbyte.obj
 0001:00090e28       __ehhandler$?x_ismbbtype_l@@YAHPAUlocaleinfo_struct@@IHH@Z 20091e28 f   LIBCMTD:ismbbyte.obj
 0001:00090e50       __ehhandler$?CallUnexpected@@YAXPBU_s_ESTypeList@@@Z 20091e50 f   LIBCMTD:frame.obj
 0001:00090e70       __unwindfunclet$?make@DNameStatusNode@@SAPAV1@W4DNameStatus@@@Z$0 20091e70 f   LIBCMTD:undname.obj
 0001:00090e7e       __ehhandler$?make@DNameStatusNode@@SAPAV1@W4DNameStatus@@@Z 20091e7e f   LIBCMTD:undname.obj
